15:26:04 **** Build of project projecy_3_bsp ****
make -k all 
"Running Make include in ps7_cortexa9_0/libsrc/coresightps_dcc_v1_4/src"
make -C ps7_cortexa9_0/libsrc/coresightps_dcc_v1_4/src -s include  "SHELL=CMD" "COMPILER=arm-none-eabi-gcc" "ARCHIVER=arm-none-eabi-ar" "COMPILER_FLAGS=  -O2 -c" "EXTRA_COMPILER_FLAGS=-mcpu=cortex-a9 -mfpu=vfpv3 -mfloat-abi=hard -nostartfiles -g -Wall -Wextra"
"Running Make include in ps7_cortexa9_0/libsrc/cpu_cortexa9_v2_7/src"
make -C ps7_cortexa9_0/libsrc/cpu_cortexa9_v2_7/src -s include  "SHELL=CMD" "COMPILER=arm-none-eabi-gcc" "ARCHIVER=arm-none-eabi-ar" "COMPILER_FLAGS=  -O2 -c" "EXTRA_COMPILER_FLAGS=-mcpu=cortex-a9 -mfpu=vfpv3 -mfloat-abi=hard -nostartfiles -g -Wall -Wextra"
"Running Make include in ps7_cortexa9_0/libsrc/ddrps_v1_0/src"
make -C ps7_cortexa9_0/libsrc/ddrps_v1_0/src -s include  "SHELL=CMD" "COMPILER=arm-none-eabi-gcc" "ARCHIVER=arm-none-eabi-ar" "COMPILER_FLAGS=  -O2 -c" "EXTRA_COMPILER_FLAGS=-mcpu=cortex-a9 -mfpu=vfpv3 -mfloat-abi=hard -nostartfiles -g -Wall -Wextra"
"Running Make include in ps7_cortexa9_0/libsrc/devcfg_v3_5/src"
make -C ps7_cortexa9_0/libsrc/devcfg_v3_5/src -s include  "SHELL=CMD" "COMPILER=arm-none-eabi-gcc" "ARCHIVER=arm-none-eabi-ar" "COMPILER_FLAGS=  -O2 -c" "EXTRA_COMPILER_FLAGS=-mcpu=cortex-a9 -mfpu=vfpv3 -mfloat-abi=hard -nostartfiles -g -Wall -Wextra"
"Running Make include in ps7_cortexa9_0/libsrc/dmaps_v2_4/src"
make -C ps7_cortexa9_0/libsrc/dmaps_v2_4/src -s include  "SHELL=CMD" "COMPILER=arm-none-eabi-gcc" "ARCHIVER=arm-none-eabi-ar" "COMPILER_FLAGS=  -O2 -c" "EXTRA_COMPILER_FLAGS=-mcpu=cortex-a9 -mfpu=vfpv3 -mfloat-abi=hard -nostartfiles -g -Wall -Wextra"
"Running Make include in ps7_cortexa9_0/libsrc/emacps_v3_8/src"
make -C ps7_cortexa9_0/libsrc/emacps_v3_8/src -s include  "SHELL=CMD" "COMPILER=arm-none-eabi-gcc" "ARCHIVER=arm-none-eabi-ar" "COMPILER_FLAGS=  -O2 -c" "EXTRA_COMPILER_FLAGS=-mcpu=cortex-a9 -mfpu=vfpv3 -mfloat-abi=hard -nostartfiles -g -Wall -Wextra"
"Running Make include in ps7_cortexa9_0/libsrc/gpiops_v3_4/src"
make -C ps7_cortexa9_0/libsrc/gpiops_v3_4/src -s include  "SHELL=CMD" "COMPILER=arm-none-eabi-gcc" "ARCHIVER=arm-none-eabi-ar" "COMPILER_FLAGS=  -O2 -c" "EXTRA_COMPILER_FLAGS=-mcpu=cortex-a9 -mfpu=vfpv3 -mfloat-abi=hard -nostartfiles -g -Wall -Wextra"
"Running Make include in ps7_cortexa9_0/libsrc/gpio_v4_3/src"
make -C ps7_cortexa9_0/libsrc/gpio_v4_3/src -s include  "SHELL=CMD" "COMPILER=arm-none-eabi-gcc" "ARCHIVER=arm-none-eabi-ar" "COMPILER_FLAGS=  -O2 -c" "EXTRA_COMPILER_FLAGS=-mcpu=cortex-a9 -mfpu=vfpv3 -mfloat-abi=hard -nostartfiles -g -Wall -Wextra"
"Running Make include in ps7_cortexa9_0/libsrc/qspips_v3_5/src"
make -C ps7_cortexa9_0/libsrc/qspips_v3_5/src -s include  "SHELL=CMD" "COMPILER=arm-none-eabi-gcc" "ARCHIVER=arm-none-eabi-ar" "COMPILER_FLAGS=  -O2 -c" "EXTRA_COMPILER_FLAGS=-mcpu=cortex-a9 -mfpu=vfpv3 -mfloat-abi=hard -nostartfiles -g -Wall -Wextra"
"Running Make include in ps7_cortexa9_0/libsrc/scugic_v3_10/src"
make -C ps7_cortexa9_0/libsrc/scugic_v3_10/src -s include  "SHELL=CMD" "COMPILER=arm-none-eabi-gcc" "ARCHIVER=arm-none-eabi-ar" "COMPILER_FLAGS=  -O2 -c" "EXTRA_COMPILER_FLAGS=-mcpu=cortex-a9 -mfpu=vfpv3 -mfloat-abi=hard -nostartfiles -g -Wall -Wextra"
"Running Make include in ps7_cortexa9_0/libsrc/scutimer_v2_1/src"
make -C ps7_cortexa9_0/libsrc/scutimer_v2_1/src -s include  "SHELL=CMD" "COMPILER=arm-none-eabi-gcc" "ARCHIVER=arm-none-eabi-ar" "COMPILER_FLAGS=  -O2 -c" "EXTRA_COMPILER_FLAGS=-mcpu=cortex-a9 -mfpu=vfpv3 -mfloat-abi=hard -nostartfiles -g -Wall -Wextra"
"Running Make include in ps7_cortexa9_0/libsrc/scuwdt_v2_1/src"
make -C ps7_cortexa9_0/libsrc/scuwdt_v2_1/src -s include  "SHELL=CMD" "COMPILER=arm-none-eabi-gcc" "ARCHIVER=arm-none-eabi-ar" "COMPILER_FLAGS=  -O2 -c" "EXTRA_COMPILER_FLAGS=-mcpu=cortex-a9 -mfpu=vfpv3 -mfloat-abi=hard -nostartfiles -g -Wall -Wextra"
"Running Make include in ps7_cortexa9_0/libsrc/sdps_v3_6/src"
make -C ps7_cortexa9_0/libsrc/sdps_v3_6/src -s include  "SHELL=CMD" "COMPILER=arm-none-eabi-gcc" "ARCHIVER=arm-none-eabi-ar" "COMPILER_FLAGS=  -O2 -c" "EXTRA_COMPILER_FLAGS=-mcpu=cortex-a9 -mfpu=vfpv3 -mfloat-abi=hard -nostartfiles -g -Wall -Wextra"
"Running Make include in ps7_cortexa9_0/libsrc/standalone_v6_8/src"
make -C ps7_cortexa9_0/libsrc/standalone_v6_8/src -s include  "SHELL=CMD" "COMPILER=arm-none-eabi-gcc" "ARCHIVER=arm-none-eabi-ar" "COMPILER_FLAGS=  -O2 -c" "EXTRA_COMPILER_FLAGS=-mcpu=cortex-a9 -mfpu=vfpv3 -mfloat-abi=hard -nostartfiles -g -Wall -Wextra"
"Running Make include in ps7_cortexa9_0/libsrc/uartps_v3_7/src"
make -C ps7_cortexa9_0/libsrc/uartps_v3_7/src -s include  "SHELL=CMD" "COMPILER=arm-none-eabi-gcc" "ARCHIVER=arm-none-eabi-ar" "COMPILER_FLAGS=  -O2 -c" "EXTRA_COMPILER_FLAGS=-mcpu=cortex-a9 -mfpu=vfpv3 -mfloat-abi=hard -nostartfiles -g -Wall -Wextra"
"Running Make include in ps7_cortexa9_0/libsrc/usbps_v2_4/src"
make -C ps7_cortexa9_0/libsrc/usbps_v2_4/src -s include  "SHELL=CMD" "COMPILER=arm-none-eabi-gcc" "ARCHIVER=arm-none-eabi-ar" "COMPILER_FLAGS=  -O2 -c" "EXTRA_COMPILER_FLAGS=-mcpu=cortex-a9 -mfpu=vfpv3 -mfloat-abi=hard -nostartfiles -g -Wall -Wextra"
"Running Make include in ps7_cortexa9_0/libsrc/wdtps_v3_1/src"
make -C ps7_cortexa9_0/libsrc/wdtps_v3_1/src -s include  "SHELL=CMD" "COMPILER=arm-none-eabi-gcc" "ARCHIVER=arm-none-eabi-ar" "COMPILER_FLAGS=  -O2 -c" "EXTRA_COMPILER_FLAGS=-mcpu=cortex-a9 -mfpu=vfpv3 -mfloat-abi=hard -nostartfiles -g -Wall -Wextra"
"Running Make include in ps7_cortexa9_0/libsrc/xadcps_v2_3/src"
make -C ps7_cortexa9_0/libsrc/xadcps_v2_3/src -s include  "SHELL=CMD" "COMPILER=arm-none-eabi-gcc" "ARCHIVER=arm-none-eabi-ar" "COMPILER_FLAGS=  -O2 -c" "EXTRA_COMPILER_FLAGS=-mcpu=cortex-a9 -mfpu=vfpv3 -mfloat-abi=hard -nostartfiles -g -Wall -Wextra"
"Running Make libs in ps7_cortexa9_0/libsrc/coresightps_dcc_v1_4/src"
make -C ps7_cortexa9_0/libsrc/coresightps_dcc_v1_4/src -s libs  "SHELL=CMD" "COMPILER=arm-none-eabi-gcc" "ARCHIVER=arm-none-eabi-ar" "COMPILER_FLAGS=  -O2 -c" "EXTRA_COMPILER_FLAGS=-mcpu=cortex-a9 -mfpu=vfpv3 -mfloat-abi=hard -nostartfiles -g -Wall -Wextra"
"Compiling coresightps_dcc"
arm-none-eabi-ar: creating ../../../lib/libxil.a
"Running Make libs in ps7_cortexa9_0/libsrc/cpu_cortexa9_v2_7/src"
make -C ps7_cortexa9_0/libsrc/cpu_cortexa9_v2_7/src -s libs  "SHELL=CMD" "COMPILER=arm-none-eabi-gcc" "ARCHIVER=arm-none-eabi-ar" "COMPILER_FLAGS=  -O2 -c" "EXTRA_COMPILER_FLAGS=-mcpu=cortex-a9 -mfpu=vfpv3 -mfloat-abi=hard -nostartfiles -g -Wall -Wextra"
"Compiling cpu_cortexa9"
"Running Make libs in ps7_cortexa9_0/libsrc/ddrps_v1_0/src"
make -C ps7_cortexa9_0/libsrc/ddrps_v1_0/src -s libs  "SHELL=CMD" "COMPILER=arm-none-eabi-gcc" "ARCHIVER=arm-none-eabi-ar" "COMPILER_FLAGS=  -O2 -c" "EXTRA_COMPILER_FLAGS=-mcpu=cortex-a9 -mfpu=vfpv3 -mfloat-abi=hard -nostartfiles -g -Wall -Wextra"
"Compiling ddrps"
"Running Make libs in ps7_cortexa9_0/libsrc/devcfg_v3_5/src"
make -C ps7_cortexa9_0/libsrc/devcfg_v3_5/src -s libs  "SHELL=CMD" "COMPILER=arm-none-eabi-gcc" "ARCHIVER=arm-none-eabi-ar" "COMPILER_FLAGS=  -O2 -c" "EXTRA_COMPILER_FLAGS=-mcpu=cortex-a9 -mfpu=vfpv3 -mfloat-abi=hard -nostartfiles -g -Wall -Wextra"
"Compiling devcfg"
"Running Make libs in ps7_cortexa9_0/libsrc/dmaps_v2_4/src"
make -C ps7_cortexa9_0/libsrc/dmaps_v2_4/src -s libs  "SHELL=CMD" "COMPILER=arm-none-eabi-gcc" "ARCHIVER=arm-none-eabi-ar" "COMPILER_FLAGS=  -O2 -c" "EXTRA_COMPILER_FLAGS=-mcpu=cortex-a9 -mfpu=vfpv3 -mfloat-abi=hard -nostartfiles -g -Wall -Wextra"
"Compiling dmaps"
"Running Make libs in ps7_cortexa9_0/libsrc/emacps_v3_8/src"
make -C ps7_cortexa9_0/libsrc/emacps_v3_8/src -s libs  "SHELL=CMD" "COMPILER=arm-none-eabi-gcc" "ARCHIVER=arm-none-eabi-ar" "COMPILER_FLAGS=  -O2 -c" "EXTRA_COMPILER_FLAGS=-mcpu=cortex-a9 -mfpu=vfpv3 -mfloat-abi=hard -nostartfiles -g -Wall -Wextra"
"Compiling emacps"
"Running Make libs in ps7_cortexa9_0/libsrc/gpiops_v3_4/src"
make -C ps7_cortexa9_0/libsrc/gpiops_v3_4/src -s libs  "SHELL=CMD" "COMPILER=arm-none-eabi-gcc" "ARCHIVER=arm-none-eabi-ar" "COMPILER_FLAGS=  -O2 -c" "EXTRA_COMPILER_FLAGS=-mcpu=cortex-a9 -mfpu=vfpv3 -mfloat-abi=hard -nostartfiles -g -Wall -Wextra"
"Compiling gpiops"
"Running Make libs in ps7_cortexa9_0/libsrc/gpio_v4_3/src"
make -C ps7_cortexa9_0/libsrc/gpio_v4_3/src -s libs  "SHELL=CMD" "COMPILER=arm-none-eabi-gcc" "ARCHIVER=arm-none-eabi-ar" "COMPILER_FLAGS=  -O2 -c" "EXTRA_COMPILER_FLAGS=-mcpu=cortex-a9 -mfpu=vfpv3 -mfloat-abi=hard -nostartfiles -g -Wall -Wextra"
"Compiling gpio"
"Running Make libs in ps7_cortexa9_0/libsrc/qspips_v3_5/src"
make -C ps7_cortexa9_0/libsrc/qspips_v3_5/src -s libs  "SHELL=CMD" "COMPILER=arm-none-eabi-gcc" "ARCHIVER=arm-none-eabi-ar" "COMPILER_FLAGS=  -O2 -c" "EXTRA_COMPILER_FLAGS=-mcpu=cortex-a9 -mfpu=vfpv3 -mfloat-abi=hard -nostartfiles -g -Wall -Wextra"
"Compiling qspips"
"Running Make libs in ps7_cortexa9_0/libsrc/scugic_v3_10/src"
make -C ps7_cortexa9_0/libsrc/scugic_v3_10/src -s libs  "SHELL=CMD" "COMPILER=arm-none-eabi-gcc" "ARCHIVER=arm-none-eabi-ar" "COMPILER_FLAGS=  -O2 -c" "EXTRA_COMPILER_FLAGS=-mcpu=cortex-a9 -mfpu=vfpv3 -mfloat-abi=hard -nostartfiles -g -Wall -Wextra"
"Compiling scugic"
"Running Make libs in ps7_cortexa9_0/libsrc/scutimer_v2_1/src"
make -C ps7_cortexa9_0/libsrc/scutimer_v2_1/src -s libs  "SHELL=CMD" "COMPILER=arm-none-eabi-gcc" "ARCHIVER=arm-none-eabi-ar" "COMPILER_FLAGS=  -O2 -c" "EXTRA_COMPILER_FLAGS=-mcpu=cortex-a9 -mfpu=vfpv3 -mfloat-abi=hard -nostartfiles -g -Wall -Wextra"
"Compiling scutimer"
"Running Make libs in ps7_cortexa9_0/libsrc/scuwdt_v2_1/src"
make -C ps7_cortexa9_0/libsrc/scuwdt_v2_1/src -s libs  "SHELL=CMD" "COMPILER=arm-none-eabi-gcc" "ARCHIVER=arm-none-eabi-ar" "COMPILER_FLAGS=  -O2 -c" "EXTRA_COMPILER_FLAGS=-mcpu=cortex-a9 -mfpu=vfpv3 -mfloat-abi=hard -nostartfiles -g -Wall -Wextra"
"Compiling scuwdt"
"Running Make libs in ps7_cortexa9_0/libsrc/sdps_v3_6/src"
make -C ps7_cortexa9_0/libsrc/sdps_v3_6/src -s libs  "SHELL=CMD" "COMPILER=arm-none-eabi-gcc" "ARCHIVER=arm-none-eabi-ar" "COMPILER_FLAGS=  -O2 -c" "EXTRA_COMPILER_FLAGS=-mcpu=cortex-a9 -mfpu=vfpv3 -mfloat-abi=hard -nostartfiles -g -Wall -Wextra"
"Compiling sdps"
"Running Make libs in ps7_cortexa9_0/libsrc/standalone_v6_8/src"
make -C ps7_cortexa9_0/libsrc/standalone_v6_8/src -s libs  "SHELL=CMD" "COMPILER=arm-none-eabi-gcc" "ARCHIVER=arm-none-eabi-ar" "COMPILER_FLAGS=  -O2 -c" "EXTRA_COMPILER_FLAGS=-mcpu=cortex-a9 -mfpu=vfpv3 -mfloat-abi=hard -nostartfiles -g -Wall -Wextra"
"Compiling standalone"
In file included from usleep.c:56:0:
xtime_l.h:87:9: note: #pragma message: For the sleep routines, Global timer is being used
 #pragma message ("For the sleep routines, Global timer is being used")
         ^~~~~~~
In file included from xil_sleeptimer.c:51:0:
xtime_l.h:87:9: note: #pragma message: For the sleep routines, Global timer is being used
 #pragma message ("For the sleep routines, Global timer is being used")
         ^~~~~~~
In file included from xtime_l.c:49:0:
xtime_l.h:87:9: note: #pragma message: For the sleep routines, Global timer is being used
 #pragma message ("For the sleep routines, Global timer is being used")
         ^~~~~~~
In file included from sleep.c:53:0:
xtime_l.h:87:9: note: #pragma message: For the sleep routines, Global timer is being used
 #pragma message ("For the sleep routines, Global timer is being used")
         ^~~~~~~
"Running Make libs in ps7_cortexa9_0/libsrc/uartps_v3_7/src"
make -C ps7_cortexa9_0/libsrc/uartps_v3_7/src -s libs  "SHELL=CMD" "COMPILER=arm-none-eabi-gcc" "ARCHIVER=arm-none-eabi-ar" "COMPILER_FLAGS=  -O2 -c" "EXTRA_COMPILER_FLAGS=-mcpu=cortex-a9 -mfpu=vfpv3 -mfloat-abi=hard -nostartfiles -g -Wall -Wextra"
"Compiling uartps"
"Running Make libs in ps7_cortexa9_0/libsrc/usbps_v2_4/src"
make -C ps7_cortexa9_0/libsrc/usbps_v2_4/src -s libs  "SHELL=CMD" "COMPILER=arm-none-eabi-gcc" "ARCHIVER=arm-none-eabi-ar" "COMPILER_FLAGS=  -O2 -c" "EXTRA_COMPILER_FLAGS=-mcpu=cortex-a9 -mfpu=vfpv3 -mfloat-abi=hard -nostartfiles -g -Wall -Wextra"
"Compiling usbps"
"Running Make libs in ps7_cortexa9_0/libsrc/wdtps_v3_1/src"
make -C ps7_cortexa9_0/libsrc/wdtps_v3_1/src -s libs  "SHELL=CMD" "COMPILER=arm-none-eabi-gcc" "ARCHIVER=arm-none-eabi-ar" "COMPILER_FLAGS=  -O2 -c" "EXTRA_COMPILER_FLAGS=-mcpu=cortex-a9 -mfpu=vfpv3 -mfloat-abi=hard -nostartfiles -g -Wall -Wextra"
"Compiling wdtps"
"Running Make libs in ps7_cortexa9_0/libsrc/xadcps_v2_3/src"
make -C ps7_cortexa9_0/libsrc/xadcps_v2_3/src -s libs  "SHELL=CMD" "COMPILER=arm-none-eabi-gcc" "ARCHIVER=arm-none-eabi-ar" "COMPILER_FLAGS=  -O2 -c" "EXTRA_COMPILER_FLAGS=-mcpu=cortex-a9 -mfpu=vfpv3 -mfloat-abi=hard -nostartfiles -g -Wall -Wextra"
"Compiling xadcps"
'Finished building libraries'
15:26:25 **** Build of configuration Debug for project projecy_3 ****
make pre-build main-build 
a9-linaro-pre-build-step
' '
'Building file: ../src/helloworld.c'
'Invoking: ARM v7 gcc compiler'
arm-none-eabi-gcc -Wall -O0 -g3 -c -fmessage-length=0 -MT"src/helloworld.o" -mcpu=cortex-a9 -mfpu=vfpv3 -mfloat-abi=hard -I../../projecy_3_bsp/ps7_cortexa9_0/include -MMD -MP -MF"src/helloworld.d" -MT"src/helloworld.o" -o "src/helloworld.o" "../src/helloworld.c"
'Finished building: ../src/helloworld.c'
' '
'Building file: ../src/platform.c'
'Invoking: ARM v7 gcc compiler'
arm-none-eabi-gcc -Wall -O0 -g3 -c -fmessage-length=0 -MT"src/platform.o" -mcpu=cortex-a9 -mfpu=vfpv3 -mfloat-abi=hard -I../../projecy_3_bsp/ps7_cortexa9_0/include -MMD -MP -MF"src/platform.d" -MT"src/platform.o" -o "src/platform.o" "../src/platform.c"
'Finished building: ../src/platform.c'
' '
'Building target: projecy_3.elf'
'Invoking: ARM v7 gcc linker'
arm-none-eabi-gcc -mcpu=cortex-a9 -mfpu=vfpv3 -mfloat-abi=hard -Wl,-build-id=none -specs=Xilinx.spec -Wl,-T -Wl,../src/lscript.ld -L../../projecy_3_bsp/ps7_cortexa9_0/lib -o "projecy_3.elf"  ./src/helloworld.o ./src/platform.o   -Wl,--start-group,-lxil,-lgcc,-lc,--end-group
'Finished building target: projecy_3.elf'
' '
'Invoking: ARM v7 Print Size'
arm-none-eabi-size projecy_3.elf  |tee "projecy_3.elf.size"
   text	   data	    bss	    dec	    hex	filename
  71936	   2612	  23344	  97892	  17e64	projecy_3.elf
'Finished building: projecy_3.elf.size'
' '
15:26:28 **** Auto Build of configuration Debug for project projecy_3 ****
make pre-build main-build 
a9-linaro-pre-build-step
' '
make: Nothing to be done for 'main-build'.
15:32:55 **** Auto Build of configuration Debug for project projecy_3 ****
make pre-build main-build 
a9-linaro-pre-build-step
' '
'Building file: ../src/helloworld.c'
'Invoking: ARM v7 gcc compiler'
arm-none-eabi-gcc -Wall -O0 -g3 -c -fmessage-length=0 -MT"src/helloworld.o" -mcpu=cortex-a9 -mfpu=vfpv3 -mfloat-abi=hard -I../../projecy_3_bsp/ps7_cortexa9_0/include -MMD -MP -MF"src/helloworld.d" -MT"src/helloworld.o" -o "src/helloworld.o" "../src/helloworld.c"
../src/helloworld.c:50:10: fatal error: xscufic.h: No such file or directory
 #include <xscufic.h>
          ^~~~~~~~~~~
compilation terminated.
make: *** [src/subdir.mk:26: src/helloworld.o] Error 1
15:33:05 **** Auto Build of configuration Debug for project projecy_3 ****
make pre-build main-build 
a9-linaro-pre-build-step
' '
'Building file: ../src/helloworld.c'
'Invoking: ARM v7 gcc compiler'
arm-none-eabi-gcc -Wall -O0 -g3 -c -fmessage-length=0 -MT"src/helloworld.o" -mcpu=cortex-a9 -mfpu=vfpv3 -mfloat-abi=hard -I../../projecy_3_bsp/ps7_cortexa9_0/include -MMD -MP -MF"src/helloworld.d" -MT"src/helloworld.o" -o "src/helloworld.o" "../src/helloworld.c"
../src/helloworld.c:50:10: fatal error: xscufic.h: No such file or directory
 #include "xscufic.h"
          ^~~~~~~~~~~
compilation terminated.
make: *** [src/subdir.mk:26: src/helloworld.o] Error 1
15:33:10 **** Auto Build of configuration Debug for project projecy_3 ****
make pre-build main-build 
a9-linaro-pre-build-step
' '
'Building file: ../src/helloworld.c'
'Invoking: ARM v7 gcc compiler'
arm-none-eabi-gcc -Wall -O0 -g3 -c -fmessage-length=0 -MT"src/helloworld.o" -mcpu=cortex-a9 -mfpu=vfpv3 -mfloat-abi=hard -I../../projecy_3_bsp/ps7_cortexa9_0/include -MMD -MP -MF"src/helloworld.d" -MT"src/helloworld.o" -o "src/helloworld.o" "../src/helloworld.c"
'Finished building: ../src/helloworld.c'
' '
'Building target: projecy_3.elf'
'Invoking: ARM v7 gcc linker'
arm-none-eabi-gcc -mcpu=cortex-a9 -mfpu=vfpv3 -mfloat-abi=hard -Wl,-build-id=none -specs=Xilinx.spec -Wl,-T -Wl,../src/lscript.ld -L../../projecy_3_bsp/ps7_cortexa9_0/lib -o "projecy_3.elf"  ./src/helloworld.o ./src/platform.o   -Wl,--start-group,-lxil,-lgcc,-lc,--end-group
'Finished building target: projecy_3.elf'
' '
'Invoking: ARM v7 Print Size'
arm-none-eabi-size projecy_3.elf  |tee "projecy_3.elf.size"
   text	   data	    bss	    dec	    hex	filename
  71936	   2612	  23344	  97892	  17e64	projecy_3.elf
'Finished building: projecy_3.elf.size'
' '
15:37:23 **** Auto Build of configuration Debug for project projecy_3 ****
make pre-build main-build 
a9-linaro-pre-build-step
' '
'Building file: ../src/helloworld.c'
'Invoking: ARM v7 gcc compiler'
arm-none-eabi-gcc -Wall -O0 -g3 -c -fmessage-length=0 -MT"src/helloworld.o" -mcpu=cortex-a9 -mfpu=vfpv3 -mfloat-abi=hard -I../../projecy_3_bsp/ps7_cortexa9_0/include -MMD -MP -MF"src/helloworld.d" -MT"src/helloworld.o" -o "src/helloworld.o" "../src/helloworld.c"
../src/helloworld.c: In function 'interrupt_init':
../src/helloworld.c:73:3: error: 'GicConfig' undeclared (first use in this function); did you mean 'XGpio_Config'?
   GicConfig = XScuGic_LookupConfig(XPAR_PS7_SCUGIC_0_DEVICE_ID);
   ^~~~~~~~~
   XGpio_Config
../src/helloworld.c:73:3: note: each undeclared identifier is reported only once for each function it appears in
../src/helloworld.c:78:35: error: 'InterruptController' undeclared (first use in this function); did you mean 'XInterruptHandler'?
   Status = XScuGic_CfgInitialize(&InterruptController, GicConfig, GicConfig->CpuBaseAddress);
                                   ^~~~~~~~~~~~~~~~~~~
                                   XInterruptHandler
../src/helloworld.c:88:50: error: 'XPAR_FABRIC_EXT_IRQ_INTR' undeclared (first use in this function); did you mean 'XPAR_GLOBAL_TMR_INTR'?
   Status = XScuGic_Connect(&InterruptController, XPAR_FABRIC_EXT_IRQ_INTR, (Xil_ExceptionHandler)ExtIrq_Handler, (void *)NULL);
                                                  ^~~~~~~~~~~~~~~~~~~~~~~~
                                                  XPAR_GLOBAL_TMR_INTR
make: *** [src/subdir.mk:26: src/helloworld.o] Error 1
15:37:38 **** Auto Build of configuration Debug for project projecy_3 ****
make pre-build main-build 
a9-linaro-pre-build-step
' '
'Building file: ../src/helloworld.c'
'Invoking: ARM v7 gcc compiler'
arm-none-eabi-gcc -Wall -O0 -g3 -c -fmessage-length=0 -MT"src/helloworld.o" -mcpu=cortex-a9 -mfpu=vfpv3 -mfloat-abi=hard -I../../projecy_3_bsp/ps7_cortexa9_0/include -MMD -MP -MF"src/helloworld.d" -MT"src/helloworld.o" -o "src/helloworld.o" "../src/helloworld.c"
../src/helloworld.c: In function 'interrupt_init':
../src/helloworld.c:88:50: error: 'XPAR_FABRIC_EXT_IRQ_INTR' undeclared (first use in this function); did you mean 'XPAR_GLOBAL_TMR_INTR'?
   Status = XScuGic_Connect(&InterruptController, XPAR_FABRIC_EXT_IRQ_INTR, (Xil_ExceptionHandler)ExtIrq_Handler, (void *)NULL);
                                                  ^~~~~~~~~~~~~~~~~~~~~~~~
                                                  XPAR_GLOBAL_TMR_INTR
../src/helloworld.c:88:50: note: each undeclared identifier is reported only once for each function it appears in
make: *** [src/subdir.mk:26: src/helloworld.o] Error 1
15:39:27 **** Auto Build of configuration Debug for project projecy_3 ****
make pre-build main-build 
a9-linaro-pre-build-step
' '
'Building file: ../src/helloworld.c'
'Invoking: ARM v7 gcc compiler'
arm-none-eabi-gcc -Wall -O0 -g3 -c -fmessage-length=0 -MT"src/helloworld.o" -mcpu=cortex-a9 -mfpu=vfpv3 -mfloat-abi=hard -I../../projecy_3_bsp/ps7_cortexa9_0/include -MMD -MP -MF"src/helloworld.d" -MT"src/helloworld.o" -o "src/helloworld.o" "../src/helloworld.c"
../src/helloworld.c: In function 'interrupt_init':
../src/helloworld.c:89:50: error: 'XPAR_FABRIC_EXT_IRQ_INTR' undeclared (first use in this function); did you mean 'XPAR_GLOBAL_TMR_INTR'?
   Status = XScuGic_Connect(&InterruptController, XPAR_FABRIC_EXT_IRQ_INTR, (Xil_ExceptionHandler)ExtIrq_Handler, (void *)NULL);
                                                  ^~~~~~~~~~~~~~~~~~~~~~~~
                                                  XPAR_GLOBAL_TMR_INTR
../src/helloworld.c:89:50: note: each undeclared identifier is reported only once for each function it appears in
make: *** [src/subdir.mk:26: src/helloworld.o] Error 1
15:44:02 **** Auto Build of configuration Debug for project projecy_3 ****
make pre-build main-build 
a9-linaro-pre-build-step
' '
'Building file: ../src/helloworld.c'
'Invoking: ARM v7 gcc compiler'
arm-none-eabi-gcc -Wall -O0 -g3 -c -fmessage-length=0 -MT"src/helloworld.o" -mcpu=cortex-a9 -mfpu=vfpv3 -mfloat-abi=hard -I../../projecy_3_bsp/ps7_cortexa9_0/include -MMD -MP -MF"src/helloworld.d" -MT"src/helloworld.o" -o "src/helloworld.o" "../src/helloworld.c"
../src/helloworld.c: In function 'interrupt_init':
../src/helloworld.c:89:40: error: 'XPAR_FABRIC_EXT_IRQ_INTR' undeclared (first use in this function); did you mean 'XPAR_GLOBAL_TMR_INTR'?
   XScuGic_Enable(&InterruptController, XPAR_FABRIC_EXT_IRQ_INTR);
                                        ^~~~~~~~~~~~~~~~~~~~~~~~
                                        XPAR_GLOBAL_TMR_INTR
../src/helloworld.c:89:40: note: each undeclared identifier is reported only once for each function it appears in
make: *** [src/subdir.mk:26: src/helloworld.o] Error 1
15:44:11 **** Auto Build of configuration Debug for project projecy_3 ****
make pre-build main-build 
a9-linaro-pre-build-step
' '
'Building file: ../src/helloworld.c'
'Invoking: ARM v7 gcc compiler'
arm-none-eabi-gcc -Wall -O0 -g3 -c -fmessage-length=0 -MT"src/helloworld.o" -mcpu=cortex-a9 -mfpu=vfpv3 -mfloat-abi=hard -I../../projecy_3_bsp/ps7_cortexa9_0/include -MMD -MP -MF"src/helloworld.d" -MT"src/helloworld.o" -o "src/helloworld.o" "../src/helloworld.c"
'Finished building: ../src/helloworld.c'
' '
'Building target: projecy_3.elf'
'Invoking: ARM v7 gcc linker'
arm-none-eabi-gcc -mcpu=cortex-a9 -mfpu=vfpv3 -mfloat-abi=hard -Wl,-build-id=none -specs=Xilinx.spec -Wl,-T -Wl,../src/lscript.ld -L../../projecy_3_bsp/ps7_cortexa9_0/lib -o "projecy_3.elf"  ./src/helloworld.o ./src/platform.o   -Wl,--start-group,-lxil,-lgcc,-lc,--end-group
'Finished building target: projecy_3.elf'
' '
'Invoking: ARM v7 Print Size'
arm-none-eabi-size projecy_3.elf  |tee "projecy_3.elf.size"
   text	   data	    bss	    dec	    hex	filename
  76924	   3384	  23360	 103668	  194f4	projecy_3.elf
'Finished building: projecy_3.elf.size'
' '
15:47:48 **** Auto Build of configuration Debug for project projecy_3 ****
make pre-build main-build 
a9-linaro-pre-build-step
' '
'Building file: ../src/helloworld.c'
'Invoking: ARM v7 gcc compiler'
arm-none-eabi-gcc -Wall -O0 -g3 -c -fmessage-length=0 -MT"src/helloworld.o" -mcpu=cortex-a9 -mfpu=vfpv3 -mfloat-abi=hard -I../../projecy_3_bsp/ps7_cortexa9_0/include -MMD -MP -MF"src/helloworld.d" -MT"src/helloworld.o" -o "src/helloworld.o" "../src/helloworld.c"
../src/helloworld.c: In function 'SetUpInterruptSystem':
../src/helloworld.c:65:5: warning: statement with no effect [-Wunused-value]
     XGpio_InterruptGlobalEnable
     ^~~~~~~~~~~~~~~~~~~~~~~~~~~
../src/helloworld.c:66:1: error: expected ';' before '}' token
 }
 ^
../src/helloworld.c:66:1: warning: control reaches end of non-void function [-Wreturn-type]
 }
 ^
make: *** [src/subdir.mk:26: src/helloworld.o] Error 1
15:49:32 **** Auto Build of configuration Debug for project projecy_3 ****
make pre-build main-build 
a9-linaro-pre-build-step
' '
'Building file: ../src/helloworld.c'
'Invoking: ARM v7 gcc compiler'
arm-none-eabi-gcc -Wall -O0 -g3 -c -fmessage-length=0 -MT"src/helloworld.o" -mcpu=cortex-a9 -mfpu=vfpv3 -mfloat-abi=hard -I../../projecy_3_bsp/ps7_cortexa9_0/include -MMD -MP -MF"src/helloworld.d" -MT"src/helloworld.o" -o "src/helloworld.o" "../src/helloworld.c"
../src/helloworld.c: In function 'SetUpInterruptSystem':
../src/helloworld.c:61:5: error: too few arguments to function 'XGpio_InterruptGlobalEnable'
     XGpio_InterruptGlobalEnable()
     ^~~~~~~~~~~~~~~~~~~~~~~~~~~
In file included from ../src/helloworld.c:52:0:
../../projecy_3_bsp/ps7_cortexa9_0/include/xgpio.h:197:6: note: declared here
 void XGpio_InterruptGlobalEnable(XGpio *InstancePtr);
      ^~~~~~~~~~~~~~~~~~~~~~~~~~~
../src/helloworld.c:62:1: error: expected ';' before '}' token
 }
 ^
../src/helloworld.c:62:1: warning: control reaches end of non-void function [-Wreturn-type]
 }
 ^
make: *** [src/subdir.mk:26: src/helloworld.o] Error 1
15:49:34 **** Auto Build of configuration Debug for project projecy_3 ****
make pre-build main-build 
a9-linaro-pre-build-step
' '
'Building file: ../src/helloworld.c'
'Invoking: ARM v7 gcc compiler'
arm-none-eabi-gcc -Wall -O0 -g3 -c -fmessage-length=0 -MT"src/helloworld.o" -mcpu=cortex-a9 -mfpu=vfpv3 -mfloat-abi=hard -I../../projecy_3_bsp/ps7_cortexa9_0/include -MMD -MP -MF"src/helloworld.d" -MT"src/helloworld.o" -o "src/helloworld.o" "../src/helloworld.c"
../src/helloworld.c: In function 'SetUpInterruptSystem':
../src/helloworld.c:62:5: error: too few arguments to function 'XGpio_InterruptGlobalEnable'
     XGpio_InterruptGlobalEnable()
     ^~~~~~~~~~~~~~~~~~~~~~~~~~~
In file included from ../src/helloworld.c:52:0:
../../projecy_3_bsp/ps7_cortexa9_0/include/xgpio.h:197:6: note: declared here
 void XGpio_InterruptGlobalEnable(XGpio *InstancePtr);
      ^~~~~~~~~~~~~~~~~~~~~~~~~~~
../src/helloworld.c:63:1: error: expected ';' before '}' token
 }
 ^
../src/helloworld.c:63:1: warning: control reaches end of non-void function [-Wreturn-type]
 }
 ^
make: *** [src/subdir.mk:26: src/helloworld.o] Error 1
15:50:26 **** Auto Build of configuration Debug for project projecy_3 ****
make pre-build main-build 
a9-linaro-pre-build-step
' '
'Building file: ../src/helloworld.c'
'Invoking: ARM v7 gcc compiler'
arm-none-eabi-gcc -Wall -O0 -g3 -c -fmessage-length=0 -MT"src/helloworld.o" -mcpu=cortex-a9 -mfpu=vfpv3 -mfloat-abi=hard -I../../projecy_3_bsp/ps7_cortexa9_0/include -MMD -MP -MF"src/helloworld.d" -MT"src/helloworld.o" -o "src/helloworld.o" "../src/helloworld.c"
../src/helloworld.c: In function 'SetUpInterruptSystem':
../src/helloworld.c:63:1: error: expected ';' before '}' token
 }
 ^
../src/helloworld.c:63:1: warning: control reaches end of non-void function [-Wreturn-type]
 }
 ^
make: *** [src/subdir.mk:26: src/helloworld.o] Error 1
16:04:13 **** Auto Build of configuration Debug for project projecy_3 ****
make pre-build main-build 
a9-linaro-pre-build-step
' '
'Building file: ../src/helloworld.c'
'Invoking: ARM v7 gcc compiler'
arm-none-eabi-gcc -Wall -O0 -g3 -c -fmessage-length=0 -MT"src/helloworld.o" -mcpu=cortex-a9 -mfpu=vfpv3 -mfloat-abi=hard -I../../projecy_3_bsp/ps7_cortexa9_0/include -MMD -MP -MF"src/helloworld.d" -MT"src/helloworld.o" -o "src/helloworld.o" "../src/helloworld.c"
../src/helloworld.c: In function 'SetUpInterruptSystem':
../src/helloworld.c:63:1: warning: control reaches end of non-void function [-Wreturn-type]
 }
 ^
'Finished building: ../src/helloworld.c'
' '
'Building target: projecy_3.elf'
'Invoking: ARM v7 gcc linker'
arm-none-eabi-gcc -mcpu=cortex-a9 -mfpu=vfpv3 -mfloat-abi=hard -Wl,-build-id=none -specs=Xilinx.spec -Wl,-T -Wl,../src/lscript.ld -L../../projecy_3_bsp/ps7_cortexa9_0/lib -o "projecy_3.elf"  ./src/helloworld.o ./src/platform.o   -Wl,--start-group,-lxil,-lgcc,-lc,--end-group
'Finished building target: projecy_3.elf'
' '
'Invoking: ARM v7 Print Size'
arm-none-eabi-size projecy_3.elf  |tee "projecy_3.elf.size"
   text	   data	    bss	    dec	    hex	filename
  76188	   3388	  23392	 102968	  19238	projecy_3.elf
'Finished building: projecy_3.elf.size'
' '
17:53:02 **** Auto Build of configuration Debug for project projecy_3 ****
make pre-build main-build 
a9-linaro-pre-build-step
' '
'Building file: ../src/helloworld.c'
'Invoking: ARM v7 gcc compiler'
arm-none-eabi-gcc -Wall -O0 -g3 -c -fmessage-length=0 -MT"src/helloworld.o" -mcpu=cortex-a9 -mfpu=vfpv3 -mfloat-abi=hard -I../../projecy_3_bsp/ps7_cortexa9_0/include -MMD -MP -MF"src/helloworld.d" -MT"src/helloworld.o" -o "src/helloworld.o" "../src/helloworld.c"
../src/helloworld.c: In function 'SetUpInterruptSystem':
../src/helloworld.c:63:1: warning: control reaches end of non-void function [-Wreturn-type]
 }
 ^
'Finished building: ../src/helloworld.c'
' '
'Building target: projecy_3.elf'
'Invoking: ARM v7 gcc linker'
arm-none-eabi-gcc -mcpu=cortex-a9 -mfpu=vfpv3 -mfloat-abi=hard -Wl,-build-id=none -specs=Xilinx.spec -Wl,-T -Wl,../src/lscript.ld -L../../projecy_3_bsp/ps7_cortexa9_0/lib -o "projecy_3.elf"  ./src/helloworld.o ./src/platform.o   -Wl,--start-group,-lxil,-lgcc,-lc,--end-group
'Finished building target: projecy_3.elf'
' '
'Invoking: ARM v7 Print Size'
arm-none-eabi-size projecy_3.elf  |tee "projecy_3.elf.size"
   text	   data	    bss	    dec	    hex	filename
  76188	   3388	  23392	 102968	  19238	projecy_3.elf
'Finished building: projecy_3.elf.size'
' '
17:53:55 **** Auto Build of configuration Debug for project projecy_3 ****
make pre-build main-build 
a9-linaro-pre-build-step
' '
'Building file: ../src/helloworld.c'
'Invoking: ARM v7 gcc compiler'
arm-none-eabi-gcc -Wall -O0 -g3 -c -fmessage-length=0 -MT"src/helloworld.o" -mcpu=cortex-a9 -mfpu=vfpv3 -mfloat-abi=hard -I../../projecy_3_bsp/ps7_cortexa9_0/include -MMD -MP -MF"src/helloworld.d" -MT"src/helloworld.o" -o "src/helloworld.o" "../src/helloworld.c"
../src/helloworld.c: In function 'main':
../src/helloworld.c:83:5: error: expected ';' before 'XGpio_SetDataDirection'
     XGpio_SetDataDirection(&SWS_XGpio, 1, 0);
     ^~~~~~~~~~~~~~~~~~~~~~
../src/helloworld.c: In function 'SetUpInterruptSystem':
../src/helloworld.c:63:1: warning: control reaches end of non-void function [-Wreturn-type]
 }
 ^
At top level:
../src/helloworld.c:55:24: warning: 'GicConfig' defined but not used [-Wunused-variable]
 static XScuGic_Config *GicConfig;
                        ^~~~~~~~~
make: *** [src/subdir.mk:26: src/helloworld.o] Error 1
17:54:25 **** Auto Build of configuration Debug for project projecy_3 ****
make pre-build main-build 
a9-linaro-pre-build-step
' '
'Building file: ../src/helloworld.c'
'Invoking: ARM v7 gcc compiler'
arm-none-eabi-gcc -Wall -O0 -g3 -c -fmessage-length=0 -MT"src/helloworld.o" -mcpu=cortex-a9 -mfpu=vfpv3 -mfloat-abi=hard -I../../projecy_3_bsp/ps7_cortexa9_0/include -MMD -MP -MF"src/helloworld.d" -MT"src/helloworld.o" -o "src/helloworld.o" "../src/helloworld.c"
../src/helloworld.c: In function 'main':
../src/helloworld.c:84:5: error: expected ';' before 'XGpio_SetDataDirection'
     XGpio_SetDataDirection(&SWS_XGpio, 1, 0);
     ^~~~~~~~~~~~~~~~~~~~~~
../src/helloworld.c: In function 'SetUpInterruptSystem':
../src/helloworld.c:63:1: warning: control reaches end of non-void function [-Wreturn-type]
 }
 ^
At top level:
../src/helloworld.c:55:24: warning: 'GicConfig' defined but not used [-Wunused-variable]
 static XScuGic_Config *GicConfig;
                        ^~~~~~~~~
make: *** [src/subdir.mk:26: src/helloworld.o] Error 1
17:58:29 **** Auto Build of configuration Debug for project projecy_3 ****
make pre-build main-build 
a9-linaro-pre-build-step
' '
'Building file: ../src/helloworld.c'
'Invoking: ARM v7 gcc compiler'
arm-none-eabi-gcc -Wall -O0 -g3 -c -fmessage-length=0 -MT"src/helloworld.o" -mcpu=cortex-a9 -mfpu=vfpv3 -mfloat-abi=hard -I../../projecy_3_bsp/ps7_cortexa9_0/include -MMD -MP -MF"src/helloworld.d" -MT"src/helloworld.o" -o "src/helloworld.o" "../src/helloworld.c"
../src/helloworld.c: In function 'IntrHandler':
../src/helloworld.c:66:2: warning: implicit declaration of function 'XGpio_IntrDisablePin'; did you mean 'XGpio_InterruptDisable'? [-Wimplicit-function-declaration]
  XGpio_IntrDisablePin();
  ^~~~~~~~~~~~~~~~~~~~
  XGpio_InterruptDisable
../src/helloworld.c: In function 'main':
../src/helloworld.c:86:5: error: expected ';' before 'XGpio_SetDataDirection'
     XGpio_SetDataDirection(&SWS_XGpio, 1, 0);
     ^~~~~~~~~~~~~~~~~~~~~~
../src/helloworld.c: In function 'SetUpInterruptSystem':
../src/helloworld.c:63:1: warning: control reaches end of non-void function [-Wreturn-type]
 }
 ^
At top level:
../src/helloworld.c:55:24: warning: 'GicConfig' defined but not used [-Wunused-variable]
 static XScuGic_Config *GicConfig;
                        ^~~~~~~~~
make: *** [src/subdir.mk:26: src/helloworld.o] Error 1
18:00:02 **** Auto Build of configuration Debug for project projecy_3 ****
make pre-build main-build 
a9-linaro-pre-build-step
' '
'Building file: ../src/helloworld.c'
'Invoking: ARM v7 gcc compiler'
arm-none-eabi-gcc -Wall -O0 -g3 -c -fmessage-length=0 -MT"src/helloworld.o" -mcpu=cortex-a9 -mfpu=vfpv3 -mfloat-abi=hard -I../../projecy_3_bsp/ps7_cortexa9_0/include -MMD -MP -MF"src/helloworld.d" -MT"src/helloworld.o" -o "src/helloworld.o" "../src/helloworld.c"
../src/helloworld.c: In function 'IntrHandler':
../src/helloworld.c:66:36: error: expected expression before ')' token
  XGpio_InterruptDisable(&SWS_XGpio,);
                                    ^
../src/helloworld.c: In function 'main':
../src/helloworld.c:86:5: error: expected ';' before 'XGpio_SetDataDirection'
     XGpio_SetDataDirection(&SWS_XGpio, 1, 0);
     ^~~~~~~~~~~~~~~~~~~~~~
../src/helloworld.c: In function 'SetUpInterruptSystem':
../src/helloworld.c:63:1: warning: control reaches end of non-void function [-Wreturn-type]
 }
 ^
At top level:
../src/helloworld.c:55:24: warning: 'GicConfig' defined but not used [-Wunused-variable]
 static XScuGic_Config *GicConfig;
                        ^~~~~~~~~
make: *** [src/subdir.mk:26: src/helloworld.o] Error 1
18:01:50 **** Auto Build of configuration Debug for project projecy_3 ****
make pre-build main-build 
a9-linaro-pre-build-step
' '
'Building file: ../src/helloworld.c'
'Invoking: ARM v7 gcc compiler'
arm-none-eabi-gcc -Wall -O0 -g3 -c -fmessage-length=0 -MT"src/helloworld.o" -mcpu=cortex-a9 -mfpu=vfpv3 -mfloat-abi=hard -I../../projecy_3_bsp/ps7_cortexa9_0/include -MMD -MP -MF"src/helloworld.d" -MT"src/helloworld.o" -o "src/helloworld.o" "../src/helloworld.c"
../src/helloworld.c: In function 'IntrHandler':
../src/helloworld.c:66:36: error: expected expression before ')' token
  XGpio_InterruptDisable(&SWS_XGpio,);
                                    ^
../src/helloworld.c: In function 'SetUpInterruptSystem':
../src/helloworld.c:63:1: warning: control reaches end of non-void function [-Wreturn-type]
 }
 ^
At top level:
../src/helloworld.c:55:24: warning: 'GicConfig' defined but not used [-Wunused-variable]
 static XScuGic_Config *GicConfig;
                        ^~~~~~~~~
make: *** [src/subdir.mk:26: src/helloworld.o] Error 1
18:05:44 **** Auto Build of configuration Debug for project projecy_3 ****
make pre-build main-build 
a9-linaro-pre-build-step
' '
'Building file: ../src/helloworld.c'
'Invoking: ARM v7 gcc compiler'
arm-none-eabi-gcc -Wall -O0 -g3 -c -fmessage-length=0 -MT"src/helloworld.o" -mcpu=cortex-a9 -mfpu=vfpv3 -mfloat-abi=hard -I../../projecy_3_bsp/ps7_cortexa9_0/include -MMD -MP -MF"src/helloworld.d" -MT"src/helloworld.o" -o "src/helloworld.o" "../src/helloworld.c"
../src/helloworld.c: In function 'SetUpInterruptSystem':
../src/helloworld.c:63:1: warning: control reaches end of non-void function [-Wreturn-type]
 }
 ^
At top level:
../src/helloworld.c:55:24: warning: 'GicConfig' defined but not used [-Wunused-variable]
 static XScuGic_Config *GicConfig;
                        ^~~~~~~~~
'Finished building: ../src/helloworld.c'
' '
'Building target: projecy_3.elf'
'Invoking: ARM v7 gcc linker'
arm-none-eabi-gcc -mcpu=cortex-a9 -mfpu=vfpv3 -mfloat-abi=hard -Wl,-build-id=none -specs=Xilinx.spec -Wl,-T -Wl,../src/lscript.ld -L../../projecy_3_bsp/ps7_cortexa9_0/lib -o "projecy_3.elf"  ./src/helloworld.o ./src/platform.o   -Wl,--start-group,-lxil,-lgcc,-lc,--end-group
'Finished building target: projecy_3.elf'
' '
'Invoking: ARM v7 Print Size'
arm-none-eabi-size projecy_3.elf  |tee "projecy_3.elf.size"
   text	   data	    bss	    dec	    hex	filename
  73420	   2612	  23392	  99424	  18460	projecy_3.elf
'Finished building: projecy_3.elf.size'
' '
18:06:31 **** Auto Build of configuration Debug for project projecy_3 ****
make pre-build main-build 
a9-linaro-pre-build-step
' '
'Building file: ../src/helloworld.c'
'Invoking: ARM v7 gcc compiler'
arm-none-eabi-gcc -Wall -O0 -g3 -c -fmessage-length=0 -MT"src/helloworld.o" -mcpu=cortex-a9 -mfpu=vfpv3 -mfloat-abi=hard -I../../projecy_3_bsp/ps7_cortexa9_0/include -MMD -MP -MF"src/helloworld.d" -MT"src/helloworld.o" -o "src/helloworld.o" "../src/helloworld.c"
../src/helloworld.c: In function 'SetUpInterruptSystem':
../src/helloworld.c:62:2: error: too few arguments to function 'XGpio_InterruptEnable'
  XGpio_InterruptEnable(&SWS_XGpio);
  ^~~~~~~~~~~~~~~~~~~~~
In file included from ../src/helloworld.c:52:0:
../../projecy_3_bsp/ps7_cortexa9_0/include/xgpio.h:199:6: note: declared here
 void XGpio_InterruptEnable(XGpio *InstancePtr, u32 Mask);
      ^~~~~~~~~~~~~~~~~~~~~
../src/helloworld.c:63:1: warning: control reaches end of non-void function [-Wreturn-type]
 }
 ^
At top level:
../src/helloworld.c:55:24: warning: 'GicConfig' defined but not used [-Wunused-variable]
 static XScuGic_Config *GicConfig;
                        ^~~~~~~~~
make: *** [src/subdir.mk:26: src/helloworld.o] Error 1
18:06:38 **** Auto Build of configuration Debug for project projecy_3 ****
make pre-build main-build 
a9-linaro-pre-build-step
' '
'Building file: ../src/helloworld.c'
'Invoking: ARM v7 gcc compiler'
arm-none-eabi-gcc -Wall -O0 -g3 -c -fmessage-length=0 -MT"src/helloworld.o" -mcpu=cortex-a9 -mfpu=vfpv3 -mfloat-abi=hard -I../../projecy_3_bsp/ps7_cortexa9_0/include -MMD -MP -MF"src/helloworld.d" -MT"src/helloworld.o" -o "src/helloworld.o" "../src/helloworld.c"
../src/helloworld.c: In function 'SetUpInterruptSystem':
../src/helloworld.c:62:2: error: too few arguments to function 'XGpio_InterruptEnable'
  XGpio_InterruptEnable(&SWS_XGpio);
  ^~~~~~~~~~~~~~~~~~~~~
In file included from ../src/helloworld.c:52:0:
../../projecy_3_bsp/ps7_cortexa9_0/include/xgpio.h:199:6: note: declared here
 void XGpio_InterruptEnable(XGpio *InstancePtr, u32 Mask);
      ^~~~~~~~~~~~~~~~~~~~~
../src/helloworld.c:63:1: warning: control reaches end of non-void function [-Wreturn-type]
 }
 ^
At top level:
../src/helloworld.c:55:24: warning: 'GicConfig' defined but not used [-Wunused-variable]
 static XScuGic_Config *GicConfig;
                        ^~~~~~~~~
make: *** [src/subdir.mk:26: src/helloworld.o] Error 1
18:06:55 **** Auto Build of configuration Debug for project projecy_3 ****
make pre-build main-build 
a9-linaro-pre-build-step
' '
'Building file: ../src/helloworld.c'
'Invoking: ARM v7 gcc compiler'
arm-none-eabi-gcc -Wall -O0 -g3 -c -fmessage-length=0 -MT"src/helloworld.o" -mcpu=cortex-a9 -mfpu=vfpv3 -mfloat-abi=hard -I../../projecy_3_bsp/ps7_cortexa9_0/include -MMD -MP -MF"src/helloworld.d" -MT"src/helloworld.o" -o "src/helloworld.o" "../src/helloworld.c"
../src/helloworld.c: In function 'SetUpInterruptSystem':
../src/helloworld.c:63:1: warning: control reaches end of non-void function [-Wreturn-type]
 }
 ^
At top level:
../src/helloworld.c:55:24: warning: 'GicConfig' defined but not used [-Wunused-variable]
 static XScuGic_Config *GicConfig;
                        ^~~~~~~~~
'Finished building: ../src/helloworld.c'
' '
'Building target: projecy_3.elf'
'Invoking: ARM v7 gcc linker'
arm-none-eabi-gcc -mcpu=cortex-a9 -mfpu=vfpv3 -mfloat-abi=hard -Wl,-build-id=none -specs=Xilinx.spec -Wl,-T -Wl,../src/lscript.ld -L../../projecy_3_bsp/ps7_cortexa9_0/lib -o "projecy_3.elf"  ./src/helloworld.o ./src/platform.o   -Wl,--start-group,-lxil,-lgcc,-lc,--end-group
'Finished building target: projecy_3.elf'
' '
'Invoking: ARM v7 Print Size'
arm-none-eabi-size projecy_3.elf  |tee "projecy_3.elf.size"
   text	   data	    bss	    dec	    hex	filename
  73420	   2612	  23392	  99424	  18460	projecy_3.elf
'Finished building: projecy_3.elf.size'
' '
18:21:14 **** Auto Build of configuration Debug for project projecy_3 ****
make pre-build main-build 
a9-linaro-pre-build-step
' '
'Building file: ../src/helloworld.c'
'Invoking: ARM v7 gcc compiler'
arm-none-eabi-gcc -Wall -O0 -g3 -c -fmessage-length=0 -MT"src/helloworld.o" -mcpu=cortex-a9 -mfpu=vfpv3 -mfloat-abi=hard -I../../projecy_3_bsp/ps7_cortexa9_0/include -MMD -MP -MF"src/helloworld.d" -MT"src/helloworld.o" -o "src/helloworld.o" "../src/helloworld.c"
../src/helloworld.c: In function 'main':
../src/helloworld.c:90:5: warning: implicit declaration of function 'SetupInterruptSystem'; did you mean 'SetUpInterruptSystem'? [-Wimplicit-function-declaration]
     SetupInterruptSystem(&Intc, &Gpio, GPIO_INTERRUPT_ID);
     ^~~~~~~~~~~~~~~~~~~~
     SetUpInterruptSystem
../src/helloworld.c:90:27: error: 'Intc' undeclared (first use in this function); did you mean 'putc'?
     SetupInterruptSystem(&Intc, &Gpio, GPIO_INTERRUPT_ID);
                           ^~~~
                           putc
../src/helloworld.c:90:27: note: each undeclared identifier is reported only once for each function it appears in
../src/helloworld.c:90:34: error: 'Gpio' undeclared (first use in this function); did you mean 'XGpio'?
     SetupInterruptSystem(&Intc, &Gpio, GPIO_INTERRUPT_ID);
                                  ^~~~
                                  XGpio
../src/helloworld.c:90:40: error: 'GPIO_INTERRUPT_ID' undeclared (first use in this function)
     SetupInterruptSystem(&Intc, &Gpio, GPIO_INTERRUPT_ID);
                                        ^~~~~~~~~~~~~~~~~
../src/helloworld.c: In function 'SetUpInterruptSystem':
../src/helloworld.c:63:1: warning: control reaches end of non-void function [-Wreturn-type]
 }
 ^
At top level:
../src/helloworld.c:55:24: warning: 'GicConfig' defined but not used [-Wunused-variable]
 static XScuGic_Config *GicConfig;
                        ^~~~~~~~~
make: *** [src/subdir.mk:26: src/helloworld.o] Error 1
18:23:18 **** Auto Build of configuration Debug for project projecy_3 ****
make pre-build main-build 
a9-linaro-pre-build-step
' '
'Building file: ../src/helloworld.c'
'Invoking: ARM v7 gcc compiler'
arm-none-eabi-gcc -Wall -O0 -g3 -c -fmessage-length=0 -MT"src/helloworld.o" -mcpu=cortex-a9 -mfpu=vfpv3 -mfloat-abi=hard -I../../projecy_3_bsp/ps7_cortexa9_0/include -MMD -MP -MF"src/helloworld.d" -MT"src/helloworld.o" -o "src/helloworld.o" "../src/helloworld.c"
../src/helloworld.c:60:51: error: unknown type name 'XGpioPs'; did you mean 'XGpio'?
 int SetupInterruptSystem(XScuGic *GicInstancePtr, XGpioPs *Gpio, u16 GpioIntrId)
                                                   ^~~~~~~
                                                   XGpio
../src/helloworld.c: In function 'main':
../src/helloworld.c:91:5: warning: implicit declaration of function 'SetupInterruptSystem' [-Wimplicit-function-declaration]
     SetupInterruptSystem(&Intc, &Gpio, GPIO_INTERRUPT_ID);
     ^~~~~~~~~~~~~~~~~~~~
../src/helloworld.c:91:27: error: 'Intc' undeclared (first use in this function); did you mean 'putc'?
     SetupInterruptSystem(&Intc, &Gpio, GPIO_INTERRUPT_ID);
                           ^~~~
                           putc
../src/helloworld.c:91:27: note: each undeclared identifier is reported only once for each function it appears in
../src/helloworld.c:91:34: error: 'Gpio' undeclared (first use in this function); did you mean 'XGpio'?
     SetupInterruptSystem(&Intc, &Gpio, GPIO_INTERRUPT_ID);
                                  ^~~~
                                  XGpio
../src/helloworld.c:91:40: error: 'GPIO_INTERRUPT_ID' undeclared (first use in this function)
     SetupInterruptSystem(&Intc, &Gpio, GPIO_INTERRUPT_ID);
                                        ^~~~~~~~~~~~~~~~~
At top level:
../src/helloworld.c:55:24: warning: 'GicConfig' defined but not used [-Wunused-variable]
 static XScuGic_Config *GicConfig;
                        ^~~~~~~~~
make: *** [src/subdir.mk:26: src/helloworld.o] Error 1
18:23:33 **** Auto Build of configuration Debug for project projecy_3 ****
make pre-build main-build 
a9-linaro-pre-build-step
' '
'Building file: ../src/helloworld.c'
'Invoking: ARM v7 gcc compiler'
arm-none-eabi-gcc -Wall -O0 -g3 -c -fmessage-length=0 -MT"src/helloworld.o" -mcpu=cortex-a9 -mfpu=vfpv3 -mfloat-abi=hard -I../../projecy_3_bsp/ps7_cortexa9_0/include -MMD -MP -MF"src/helloworld.d" -MT"src/helloworld.o" -o "src/helloworld.o" "../src/helloworld.c"
../src/helloworld.c: In function 'main':
../src/helloworld.c:91:27: error: 'Intc' undeclared (first use in this function); did you mean 'putc'?
     SetupInterruptSystem(&Intc, &Gpio, GPIO_INTERRUPT_ID);
                           ^~~~
                           putc
../src/helloworld.c:91:27: note: each undeclared identifier is reported only once for each function it appears in
../src/helloworld.c:91:34: error: 'Gpio' undeclared (first use in this function); did you mean 'XGpio'?
     SetupInterruptSystem(&Intc, &Gpio, GPIO_INTERRUPT_ID);
                                  ^~~~
                                  XGpio
../src/helloworld.c:91:40: error: 'GPIO_INTERRUPT_ID' undeclared (first use in this function)
     SetupInterruptSystem(&Intc, &Gpio, GPIO_INTERRUPT_ID);
                                        ^~~~~~~~~~~~~~~~~
../src/helloworld.c: In function 'SetupInterruptSystem':
../src/helloworld.c:63:1: warning: control reaches end of non-void function [-Wreturn-type]
 }
 ^
At top level:
../src/helloworld.c:55:24: warning: 'GicConfig' defined but not used [-Wunused-variable]
 static XScuGic_Config *GicConfig;
                        ^~~~~~~~~
make: *** [src/subdir.mk:26: src/helloworld.o] Error 1
18:23:40 **** Auto Build of configuration Debug for project projecy_3 ****
make pre-build main-build 
a9-linaro-pre-build-step
' '
'Building file: ../src/helloworld.c'
'Invoking: ARM v7 gcc compiler'
arm-none-eabi-gcc -Wall -O0 -g3 -c -fmessage-length=0 -MT"src/helloworld.o" -mcpu=cortex-a9 -mfpu=vfpv3 -mfloat-abi=hard -I../../projecy_3_bsp/ps7_cortexa9_0/include -MMD -MP -MF"src/helloworld.d" -MT"src/helloworld.o" -o "src/helloworld.o" "../src/helloworld.c"
../src/helloworld.c: In function 'main':
../src/helloworld.c:91:27: error: 'Intc' undeclared (first use in this function); did you mean 'putc'?
     SetupInterruptSystem(&Intc, &Gpio, GPIO_INTERRUPT_ID);
                           ^~~~
                           putc
../src/helloworld.c:91:27: note: each undeclared identifier is reported only once for each function it appears in
../src/helloworld.c:91:34: error: 'Gpio' undeclared (first use in this function); did you mean 'XGpio'?
     SetupInterruptSystem(&Intc, &Gpio, GPIO_INTERRUPT_ID);
                                  ^~~~
                                  XGpio
../src/helloworld.c:91:40: error: 'GPIO_INTERRUPT_ID' undeclared (first use in this function)
     SetupInterruptSystem(&Intc, &Gpio, GPIO_INTERRUPT_ID);
                                        ^~~~~~~~~~~~~~~~~
../src/helloworld.c: In function 'SetupInterruptSystem':
../src/helloworld.c:63:1: warning: control reaches end of non-void function [-Wreturn-type]
 }
 ^
At top level:
../src/helloworld.c:55:24: warning: 'GicConfig' defined but not used [-Wunused-variable]
 static XScuGic_Config *GicConfig;
                        ^~~~~~~~~
make: *** [src/subdir.mk:26: src/helloworld.o] Error 1
18:23:48 **** Auto Build of configuration Debug for project projecy_3 ****
make pre-build main-build 
a9-linaro-pre-build-step
' '
'Building file: ../src/helloworld.c'
'Invoking: ARM v7 gcc compiler'
arm-none-eabi-gcc -Wall -O0 -g3 -c -fmessage-length=0 -MT"src/helloworld.o" -mcpu=cortex-a9 -mfpu=vfpv3 -mfloat-abi=hard -I../../projecy_3_bsp/ps7_cortexa9_0/include -MMD -MP -MF"src/helloworld.d" -MT"src/helloworld.o" -o "src/helloworld.o" "../src/helloworld.c"
../src/helloworld.c: In function 'main':
../src/helloworld.c:91:27: error: 'Intc' undeclared (first use in this function); did you mean 'putc'?
     SetupInterruptSystem(&Intc, &SWS_XGpio, GPIO_INTERRUPT_ID);
                           ^~~~
                           putc
../src/helloworld.c:91:27: note: each undeclared identifier is reported only once for each function it appears in
../src/helloworld.c:91:45: error: 'GPIO_INTERRUPT_ID' undeclared (first use in this function)
     SetupInterruptSystem(&Intc, &SWS_XGpio, GPIO_INTERRUPT_ID);
                                             ^~~~~~~~~~~~~~~~~
../src/helloworld.c: In function 'SetupInterruptSystem':
../src/helloworld.c:63:1: warning: control reaches end of non-void function [-Wreturn-type]
 }
 ^
At top level:
../src/helloworld.c:55:24: warning: 'GicConfig' defined but not used [-Wunused-variable]
 static XScuGic_Config *GicConfig;
                        ^~~~~~~~~
make: *** [src/subdir.mk:26: src/helloworld.o] Error 1
18:26:23 **** Auto Build of configuration Debug for project projecy_3 ****
make pre-build main-build 
a9-linaro-pre-build-step
' '
'Building file: ../src/helloworld.c'
'Invoking: ARM v7 gcc compiler'
arm-none-eabi-gcc -Wall -O0 -g3 -c -fmessage-length=0 -MT"src/helloworld.o" -mcpu=cortex-a9 -mfpu=vfpv3 -mfloat-abi=hard -I../../projecy_3_bsp/ps7_cortexa9_0/include -MMD -MP -MF"src/helloworld.d" -MT"src/helloworld.o" -o "src/helloworld.o" "../src/helloworld.c"
../src/helloworld.c: In function 'SetupInterruptSystem':
../src/helloworld.c:68:1: warning: control reaches end of non-void function [-Wreturn-type]
 }
 ^
At top level:
../src/helloworld.c:59:24: warning: 'GicConfig' defined but not used [-Wunused-variable]
 static XScuGic_Config *GicConfig;
                        ^~~~~~~~~
'Finished building: ../src/helloworld.c'
' '
'Building target: projecy_3.elf'
'Invoking: ARM v7 gcc linker'
arm-none-eabi-gcc -mcpu=cortex-a9 -mfpu=vfpv3 -mfloat-abi=hard -Wl,-build-id=none -specs=Xilinx.spec -Wl,-T -Wl,../src/lscript.ld -L../../projecy_3_bsp/ps7_cortexa9_0/lib -o "projecy_3.elf"  ./src/helloworld.o ./src/platform.o   -Wl,--start-group,-lxil,-lgcc,-lc,--end-group
'Finished building target: projecy_3.elf'
' '
'Invoking: ARM v7 Print Size'
arm-none-eabi-size projecy_3.elf  |tee "projecy_3.elf.size"
   text	   data	    bss	    dec	    hex	filename
  73420	   2612	  23408	  99440	  18470	projecy_3.elf
'Finished building: projecy_3.elf.size'
' '
18:26:45 **** Auto Build of configuration Debug for project projecy_3 ****
make pre-build main-build 
a9-linaro-pre-build-step
' '
'Building file: ../src/helloworld.c'
'Invoking: ARM v7 gcc compiler'
arm-none-eabi-gcc -Wall -O0 -g3 -c -fmessage-length=0 -MT"src/helloworld.o" -mcpu=cortex-a9 -mfpu=vfpv3 -mfloat-abi=hard -I../../projecy_3_bsp/ps7_cortexa9_0/include -MMD -MP -MF"src/helloworld.d" -MT"src/helloworld.o" -o "src/helloworld.o" "../src/helloworld.c"
../src/helloworld.c: In function 'SetupInterruptSystem':
../src/helloworld.c:65:1: warning: control reaches end of non-void function [-Wreturn-type]
 }
 ^
'Finished building: ../src/helloworld.c'
' '
'Building target: projecy_3.elf'
'Invoking: ARM v7 gcc linker'
arm-none-eabi-gcc -mcpu=cortex-a9 -mfpu=vfpv3 -mfloat-abi=hard -Wl,-build-id=none -specs=Xilinx.spec -Wl,-T -Wl,../src/lscript.ld -L../../projecy_3_bsp/ps7_cortexa9_0/lib -o "projecy_3.elf"  ./src/helloworld.o ./src/platform.o   -Wl,--start-group,-lxil,-lgcc,-lc,--end-group
'Finished building target: projecy_3.elf'
' '
'Invoking: ARM v7 Print Size'
arm-none-eabi-size projecy_3.elf  |tee "projecy_3.elf.size"
   text	   data	    bss	    dec	    hex	filename
  73420	   2612	  23392	  99424	  18460	projecy_3.elf
'Finished building: projecy_3.elf.size'
' '
18:26:49 **** Auto Build of configuration Debug for project projecy_3 ****
make pre-build main-build 
a9-linaro-pre-build-step
' '
'Building file: ../src/helloworld.c'
'Invoking: ARM v7 gcc compiler'
arm-none-eabi-gcc -Wall -O0 -g3 -c -fmessage-length=0 -MT"src/helloworld.o" -mcpu=cortex-a9 -mfpu=vfpv3 -mfloat-abi=hard -I../../projecy_3_bsp/ps7_cortexa9_0/include -MMD -MP -MF"src/helloworld.d" -MT"src/helloworld.o" -o "src/helloworld.o" "../src/helloworld.c"
../src/helloworld.c: In function 'SetupInterruptSystem':
../src/helloworld.c:63:1: warning: control reaches end of non-void function [-Wreturn-type]
 }
 ^
'Finished building: ../src/helloworld.c'
' '
'Building target: projecy_3.elf'
'Invoking: ARM v7 gcc linker'
arm-none-eabi-gcc -mcpu=cortex-a9 -mfpu=vfpv3 -mfloat-abi=hard -Wl,-build-id=none -specs=Xilinx.spec -Wl,-T -Wl,../src/lscript.ld -L../../projecy_3_bsp/ps7_cortexa9_0/lib -o "projecy_3.elf"  ./src/helloworld.o ./src/platform.o   -Wl,--start-group,-lxil,-lgcc,-lc,--end-group
'Finished building target: projecy_3.elf'
' '
'Invoking: ARM v7 Print Size'
arm-none-eabi-size projecy_3.elf  |tee "projecy_3.elf.size"
   text	   data	    bss	    dec	    hex	filename
  73420	   2612	  23392	  99424	  18460	projecy_3.elf
'Finished building: projecy_3.elf.size'
' '
18:30:44 **** Auto Build of configuration Debug for project projecy_3 ****
make pre-build main-build 
a9-linaro-pre-build-step
' '
'Building file: ../src/helloworld.c'
'Invoking: ARM v7 gcc compiler'
arm-none-eabi-gcc -Wall -O0 -g3 -c -fmessage-length=0 -MT"src/helloworld.o" -mcpu=cortex-a9 -mfpu=vfpv3 -mfloat-abi=hard -I../../projecy_3_bsp/ps7_cortexa9_0/include -MMD -MP -MF"src/helloworld.d" -MT"src/helloworld.o" -o "src/helloworld.o" "../src/helloworld.c"
../src/helloworld.c: In function 'SetupInterruptSystem':
../src/helloworld.c:61:23: error: 'INTC_DEVICE_ID' undeclared (first use in this function); did you mean 'XST_DEVICE_BUSY'?
  XScuGic_LookupConfig(INTC_DEVICE_ID);
                       ^~~~~~~~~~~~~~
                       XST_DEVICE_BUSY
../src/helloworld.c:61:23: note: each undeclared identifier is reported only once for each function it appears in
../src/helloworld.c:62:40: error: 'IntcConfig' undeclared (first use in this function); did you mean 'XGpio_Config'?
  XScuGic_CfgInitialize(GicInstancePtr, IntcConfig,IntcConfig->CpuBaseAddress);
                                        ^~~~~~~~~~
                                        XGpio_Config
../src/helloworld.c:65:1: warning: control reaches end of non-void function [-Wreturn-type]
 }
 ^
make: *** [src/subdir.mk:26: src/helloworld.o] Error 1
18:33:45 **** Auto Build of configuration Debug for project projecy_3 ****
make pre-build main-build 
a9-linaro-pre-build-step
' '
'Building file: ../src/helloworld.c'
'Invoking: ARM v7 gcc compiler'
arm-none-eabi-gcc -Wall -O0 -g3 -c -fmessage-length=0 -MT"src/helloworld.o" -mcpu=cortex-a9 -mfpu=vfpv3 -mfloat-abi=hard -I../../projecy_3_bsp/ps7_cortexa9_0/include -MMD -MP -MF"src/helloworld.d" -MT"src/helloworld.o" -o "src/helloworld.o" "../src/helloworld.c"
../src/helloworld.c: In function 'SetupInterruptSystem':
../src/helloworld.c:64:40: error: 'IntcConfig' undeclared (first use in this function); did you mean 'XGpio_Config'?
  XScuGic_CfgInitialize(GicInstancePtr, IntcConfig,IntcConfig->CpuBaseAddress);
                                        ^~~~~~~~~~
                                        XGpio_Config
../src/helloworld.c:64:40: note: each undeclared identifier is reported only once for each function it appears in
../src/helloworld.c:67:1: warning: control reaches end of non-void function [-Wreturn-type]
 }
 ^
make: *** [src/subdir.mk:26: src/helloworld.o] Error 1
18:34:39 **** Auto Build of configuration Debug for project projecy_3 ****
make pre-build main-build 
a9-linaro-pre-build-step
' '
'Building file: ../src/helloworld.c'
'Invoking: ARM v7 gcc compiler'
arm-none-eabi-gcc -Wall -O0 -g3 -c -fmessage-length=0 -MT"src/helloworld.o" -mcpu=cortex-a9 -mfpu=vfpv3 -mfloat-abi=hard -I../../projecy_3_bsp/ps7_cortexa9_0/include -MMD -MP -MF"src/helloworld.d" -MT"src/helloworld.o" -o "src/helloworld.o" "../src/helloworld.c"
../src/helloworld.c: In function 'SetupInterruptSystem':
../src/helloworld.c:70:1: warning: control reaches end of non-void function [-Wreturn-type]
 }
 ^
'Finished building: ../src/helloworld.c'
' '
'Building target: projecy_3.elf'
'Invoking: ARM v7 gcc linker'
arm-none-eabi-gcc -mcpu=cortex-a9 -mfpu=vfpv3 -mfloat-abi=hard -Wl,-build-id=none -specs=Xilinx.spec -Wl,-T -Wl,../src/lscript.ld -L../../projecy_3_bsp/ps7_cortexa9_0/lib -o "projecy_3.elf"  ./src/helloworld.o ./src/platform.o   -Wl,--start-group,-lxil,-lgcc,-lc,--end-group
'Finished building target: projecy_3.elf'
' '
'Invoking: ARM v7 Print Size'
arm-none-eabi-size projecy_3.elf  |tee "projecy_3.elf.size"
   text	   data	    bss	    dec	    hex	filename
  76312	   3388	  23392	 103092	  192b4	projecy_3.elf
'Finished building: projecy_3.elf.size'
' '
18:36:29 **** Auto Build of configuration Debug for project projecy_3 ****
make pre-build main-build 
a9-linaro-pre-build-step
' '
'Building file: ../src/helloworld.c'
'Invoking: ARM v7 gcc compiler'
arm-none-eabi-gcc -Wall -O0 -g3 -c -fmessage-length=0 -MT"src/helloworld.o" -mcpu=cortex-a9 -mfpu=vfpv3 -mfloat-abi=hard -I../../projecy_3_bsp/ps7_cortexa9_0/include -MMD -MP -MF"src/helloworld.d" -MT"src/helloworld.o" -o "src/helloworld.o" "../src/helloworld.c"
../src/helloworld.c: In function 'SetupInterruptSystem':
../src/helloworld.c:76:1: warning: control reaches end of non-void function [-Wreturn-type]
 }
 ^
'Finished building: ../src/helloworld.c'
' '
'Building target: projecy_3.elf'
'Invoking: ARM v7 gcc linker'
arm-none-eabi-gcc -mcpu=cortex-a9 -mfpu=vfpv3 -mfloat-abi=hard -Wl,-build-id=none -specs=Xilinx.spec -Wl,-T -Wl,../src/lscript.ld -L../../projecy_3_bsp/ps7_cortexa9_0/lib -o "projecy_3.elf"  ./src/helloworld.o ./src/platform.o   -Wl,--start-group,-lxil,-lgcc,-lc,--end-group
'Finished building target: projecy_3.elf'
' '
'Invoking: ARM v7 Print Size'
arm-none-eabi-size projecy_3.elf  |tee "projecy_3.elf.size"
   text	   data	    bss	    dec	    hex	filename
  76520	   3388	  23392	 103300	  19384	projecy_3.elf
'Finished building: projecy_3.elf.size'
' '
18:40:42 **** Auto Build of configuration Debug for project projecy_3 ****
make pre-build main-build 
a9-linaro-pre-build-step
' '
'Building file: ../src/helloworld.c'
'Invoking: ARM v7 gcc compiler'
arm-none-eabi-gcc -Wall -O0 -g3 -c -fmessage-length=0 -MT"src/helloworld.o" -mcpu=cortex-a9 -mfpu=vfpv3 -mfloat-abi=hard -I../../projecy_3_bsp/ps7_cortexa9_0/include -MMD -MP -MF"src/helloworld.d" -MT"src/helloworld.o" -o "src/helloworld.o" "../src/helloworld.c"
../src/helloworld.c: In function 'SetupInterruptSystem':
../src/helloworld.c:77:28: error: 'IntrHandler' undeclared (first use in this function); did you mean 'XNullHandler'?
      (Xil_ExceptionHandler)IntrHandler,
                            ^~~~~~~~~~~
                            XNullHandler
../src/helloworld.c:77:28: note: each undeclared identifier is reported only once for each function it appears in
../src/helloworld.c:80:3: warning: implicit declaration of function 'XGpioPs_SetIntrTypePin'; did you mean 'XGpio_SetDataDirection'? [-Wimplicit-function-declaration]
   XGpioPs_SetIntrTypePin(Gpio, MIO12_KEY, XGPIOPS_IRQ_TYPE_EDGE_FALLING);
   ^~~~~~~~~~~~~~~~~~~~~~
   XGpio_SetDataDirection
../src/helloworld.c:80:32: error: 'MIO12_KEY' undeclared (first use in this function)
   XGpioPs_SetIntrTypePin(Gpio, MIO12_KEY, XGPIOPS_IRQ_TYPE_EDGE_FALLING);
                                ^~~~~~~~~
../src/helloworld.c:80:43: error: 'XGPIOPS_IRQ_TYPE_EDGE_FALLING' undeclared (first use in this function)
   XGpioPs_SetIntrTypePin(Gpio, MIO12_KEY, XGPIOPS_IRQ_TYPE_EDGE_FALLING);
                                           ^~~~~~~~~~~~~~~~~~~~~~~~~~~~~
../src/helloworld.c:82:2: warning: implicit declaration of function 'XGpioPs_IntrEnablePin'; did you mean 'XGpio_InterruptEnable'? [-Wimplicit-function-declaration]
  XGpioPs_IntrEnablePin(Gpio, MIO12_KEY);
  ^~~~~~~~~~~~~~~~~~~~~
  XGpio_InterruptEnable
../src/helloworld.c:84:1: warning: control reaches end of non-void function [-Wreturn-type]
 }
 ^
make: *** [src/subdir.mk:26: src/helloworld.o] Error 1
18:42:20 **** Auto Build of configuration Debug for project projecy_3 ****
make pre-build main-build 
a9-linaro-pre-build-step
' '
'Building file: ../src/helloworld.c'
'Invoking: ARM v7 gcc compiler'
arm-none-eabi-gcc -Wall -O0 -g3 -c -fmessage-length=0 -MT"src/helloworld.o" -mcpu=cortex-a9 -mfpu=vfpv3 -mfloat-abi=hard -I../../projecy_3_bsp/ps7_cortexa9_0/include -MMD -MP -MF"src/helloworld.d" -MT"src/helloworld.o" -o "src/helloworld.o" "../src/helloworld.c"
../src/helloworld.c: In function 'SetupInterruptSystem':
../src/helloworld.c:83:1: warning: control reaches end of non-void function [-Wreturn-type]
 }
 ^
'Finished building: ../src/helloworld.c'
' '
'Building target: projecy_3.elf'
'Invoking: ARM v7 gcc linker'
arm-none-eabi-gcc -mcpu=cortex-a9 -mfpu=vfpv3 -mfloat-abi=hard -Wl,-build-id=none -specs=Xilinx.spec -Wl,-T -Wl,../src/lscript.ld -L../../projecy_3_bsp/ps7_cortexa9_0/lib -o "projecy_3.elf"  ./src/helloworld.o ./src/platform.o   -Wl,--start-group,-lxil,-lgcc,-lc,--end-group
'Finished building target: projecy_3.elf'
' '
'Invoking: ARM v7 Print Size'
arm-none-eabi-size projecy_3.elf  |tee "projecy_3.elf.size"
   text	   data	    bss	    dec	    hex	filename
  76584	   3388	  23392	 103364	  193c4	projecy_3.elf
'Finished building: projecy_3.elf.size'
' '
18:45:29 **** Auto Build of configuration Debug for project projecy_3 ****
make pre-build main-build 
a9-linaro-pre-build-step
' '
'Building file: ../src/helloworld.c'
'Invoking: ARM v7 gcc compiler'
arm-none-eabi-gcc -Wall -O0 -g3 -c -fmessage-length=0 -MT"src/helloworld.o" -mcpu=cortex-a9 -mfpu=vfpv3 -mfloat-abi=hard -I../../projecy_3_bsp/ps7_cortexa9_0/include -MMD -MP -MF"src/helloworld.d" -MT"src/helloworld.o" -o "src/helloworld.o" "../src/helloworld.c"
'Finished building: ../src/helloworld.c'
' '
'Building target: projecy_3.elf'
'Invoking: ARM v7 gcc linker'
arm-none-eabi-gcc -mcpu=cortex-a9 -mfpu=vfpv3 -mfloat-abi=hard -Wl,-build-id=none -specs=Xilinx.spec -Wl,-T -Wl,../src/lscript.ld -L../../projecy_3_bsp/ps7_cortexa9_0/lib -o "projecy_3.elf"  ./src/helloworld.o ./src/platform.o   -Wl,--start-group,-lxil,-lgcc,-lc,--end-group
'Finished building target: projecy_3.elf'
' '
'Invoking: ARM v7 Print Size'
arm-none-eabi-size projecy_3.elf  |tee "projecy_3.elf.size"
   text	   data	    bss	    dec	    hex	filename
  76584	   3388	  23392	 103364	  193c4	projecy_3.elf
'Finished building: projecy_3.elf.size'
' '
18:45:31 **** Auto Build of configuration Debug for project projecy_3 ****
make pre-build main-build 
a9-linaro-pre-build-step
' '
'Building file: ../src/helloworld.c'
'Invoking: ARM v7 gcc compiler'
arm-none-eabi-gcc -Wall -O0 -g3 -c -fmessage-length=0 -MT"src/helloworld.o" -mcpu=cortex-a9 -mfpu=vfpv3 -mfloat-abi=hard -I../../projecy_3_bsp/ps7_cortexa9_0/include -MMD -MP -MF"src/helloworld.d" -MT"src/helloworld.o" -o "src/helloworld.o" "../src/helloworld.c"
'Finished building: ../src/helloworld.c'
' '
'Building target: projecy_3.elf'
'Invoking: ARM v7 gcc linker'
arm-none-eabi-gcc -mcpu=cortex-a9 -mfpu=vfpv3 -mfloat-abi=hard -Wl,-build-id=none -specs=Xilinx.spec -Wl,-T -Wl,../src/lscript.ld -L../../projecy_3_bsp/ps7_cortexa9_0/lib -o "projecy_3.elf"  ./src/helloworld.o ./src/platform.o   -Wl,--start-group,-lxil,-lgcc,-lc,--end-group
'Finished building target: projecy_3.elf'
' '
'Invoking: ARM v7 Print Size'
arm-none-eabi-size projecy_3.elf  |tee "projecy_3.elf.size"
   text	   data	    bss	    dec	    hex	filename
  76584	   3388	  23392	 103364	  193c4	projecy_3.elf
'Finished building: projecy_3.elf.size'
' '
18:45:55 **** Auto Build of configuration Debug for project projecy_3 ****
make pre-build main-build 
a9-linaro-pre-build-step
' '
'Building file: ../src/helloworld.c'
'Invoking: ARM v7 gcc compiler'
arm-none-eabi-gcc -Wall -O0 -g3 -c -fmessage-length=0 -MT"src/helloworld.o" -mcpu=cortex-a9 -mfpu=vfpv3 -mfloat-abi=hard -I../../projecy_3_bsp/ps7_cortexa9_0/include -MMD -MP -MF"src/helloworld.d" -MT"src/helloworld.o" -o "src/helloworld.o" "../src/helloworld.c"
../src/helloworld.c: In function 'IntrHandler':
../src/helloworld.c:65:2: error: unknown type name 'delay_num'
  delay_num
  ^~~~~~~~~
../src/helloworld.c:66:25: error: expected declaration specifiers or '...' before '&' token
  XGpio_InterruptDisable(&SWS_XGpio,XGPIO_IR_CH2_MASK);
                         ^
In file included from ../../projecy_3_bsp/ps7_cortexa9_0/include/xgpio.h:132:0,
                 from ../src/helloworld.c:52:
../../projecy_3_bsp/ps7_cortexa9_0/include/xgpio_l.h:117:27: error: expected declaration specifiers or '...' before numeric constant
 #define XGPIO_IR_CH2_MASK 0x2 /**< Mask for the 2nd channel */
                           ^
../src/helloworld.c:66:36: note: in expansion of macro 'XGPIO_IR_CH2_MASK'
  XGpio_InterruptDisable(&SWS_XGpio,XGPIO_IR_CH2_MASK);
                                    ^~~~~~~~~~~~~~~~~
../src/helloworld.c: In function 'main':
../src/helloworld.c:116:15: error: 'delay_num' undeclared (first use in this function); did you mean 'delay'?
               delay_num = 100;
               ^~~~~~~~~
               delay
../src/helloworld.c:116:15: note: each undeclared identifier is reported only once for each function it appears in
make: *** [src/subdir.mk:26: src/helloworld.o] Error 1
18:45:59 **** Auto Build of configuration Debug for project projecy_3 ****
make pre-build main-build 
a9-linaro-pre-build-step
' '
'Building file: ../src/helloworld.c'
'Invoking: ARM v7 gcc compiler'
arm-none-eabi-gcc -Wall -O0 -g3 -c -fmessage-length=0 -MT"src/helloworld.o" -mcpu=cortex-a9 -mfpu=vfpv3 -mfloat-abi=hard -I../../projecy_3_bsp/ps7_cortexa9_0/include -MMD -MP -MF"src/helloworld.d" -MT"src/helloworld.o" -o "src/helloworld.o" "../src/helloworld.c"
../src/helloworld.c: In function 'IntrHandler':
../src/helloworld.c:66:2: warning: statement with no effect [-Wunused-value]
  delay_num
  ^~~~~~~~~
../src/helloworld.c:67:2: error: expected ';' before 'XGpio_InterruptDisable'
  XGpio_InterruptDisable(&SWS_XGpio,XGPIO_IR_CH2_MASK);
  ^~~~~~~~~~~~~~~~~~~~~~
make: *** [src/subdir.mk:26: src/helloworld.o] Error 1
18:46:16 **** Auto Build of configuration Debug for project projecy_3 ****
make pre-build main-build 
a9-linaro-pre-build-step
' '
'Building file: ../src/helloworld.c'
'Invoking: ARM v7 gcc compiler'
arm-none-eabi-gcc -Wall -O0 -g3 -c -fmessage-length=0 -MT"src/helloworld.o" -mcpu=cortex-a9 -mfpu=vfpv3 -mfloat-abi=hard -I../../projecy_3_bsp/ps7_cortexa9_0/include -MMD -MP -MF"src/helloworld.d" -MT"src/helloworld.o" -o "src/helloworld.o" "../src/helloworld.c"
'Finished building: ../src/helloworld.c'
' '
'Building target: projecy_3.elf'
'Invoking: ARM v7 gcc linker'
arm-none-eabi-gcc -mcpu=cortex-a9 -mfpu=vfpv3 -mfloat-abi=hard -Wl,-build-id=none -specs=Xilinx.spec -Wl,-T -Wl,../src/lscript.ld -L../../projecy_3_bsp/ps7_cortexa9_0/lib -o "projecy_3.elf"  ./src/helloworld.o ./src/platform.o   -Wl,--start-group,-lxil,-lgcc,-lc,--end-group
'Finished building target: projecy_3.elf'
' '
'Invoking: ARM v7 Print Size'
arm-none-eabi-size projecy_3.elf  |tee "projecy_3.elf.size"
   text	   data	    bss	    dec	    hex	filename
  76648	   3388	  23392	 103428	  19404	projecy_3.elf
'Finished building: projecy_3.elf.size'
' '
18:46:55 **** Auto Build of configuration Debug for project projecy_3 ****
make pre-build main-build 
a9-linaro-pre-build-step
' '
'Building file: ../src/helloworld.c'
'Invoking: ARM v7 gcc compiler'
arm-none-eabi-gcc -Wall -O0 -g3 -c -fmessage-length=0 -MT"src/helloworld.o" -mcpu=cortex-a9 -mfpu=vfpv3 -mfloat-abi=hard -I../../projecy_3_bsp/ps7_cortexa9_0/include -MMD -MP -MF"src/helloworld.d" -MT"src/helloworld.o" -o "src/helloworld.o" "../src/helloworld.c"
../src/helloworld.c: In function 'main':
../src/helloworld.c:103:9: warning: variable 'Switch_num' set but not used [-Wunused-but-set-variable]
     int Switch_num = 0b00000000;
         ^~~~~~~~~~
'Finished building: ../src/helloworld.c'
' '
'Building target: projecy_3.elf'
'Invoking: ARM v7 gcc linker'
arm-none-eabi-gcc -mcpu=cortex-a9 -mfpu=vfpv3 -mfloat-abi=hard -Wl,-build-id=none -specs=Xilinx.spec -Wl,-T -Wl,../src/lscript.ld -L../../projecy_3_bsp/ps7_cortexa9_0/lib -o "projecy_3.elf"  ./src/helloworld.o ./src/platform.o   -Wl,--start-group,-lxil,-lgcc,-lc,--end-group
'Finished building target: projecy_3.elf'
' '
'Invoking: ARM v7 Print Size'
arm-none-eabi-size projecy_3.elf  |tee "projecy_3.elf.size"
   text	   data	    bss	    dec	    hex	filename
  76528	   3388	  23392	 103308	  1938c	projecy_3.elf
'Finished building: projecy_3.elf.size'
' '
18:46:58 **** Auto Build of configuration Debug for project projecy_3 ****
make pre-build main-build 
a9-linaro-pre-build-step
' '
'Building file: ../src/helloworld.c'
'Invoking: ARM v7 gcc compiler'
arm-none-eabi-gcc -Wall -O0 -g3 -c -fmessage-length=0 -MT"src/helloworld.o" -mcpu=cortex-a9 -mfpu=vfpv3 -mfloat-abi=hard -I../../projecy_3_bsp/ps7_cortexa9_0/include -MMD -MP -MF"src/helloworld.d" -MT"src/helloworld.o" -o "src/helloworld.o" "../src/helloworld.c"
../src/helloworld.c: In function 'main':
../src/helloworld.c:103:9: warning: variable 'Switch_num' set but not used [-Wunused-but-set-variable]
     int Switch_num = 0b00000000;
         ^~~~~~~~~~
'Finished building: ../src/helloworld.c'
' '
'Building target: projecy_3.elf'
'Invoking: ARM v7 gcc linker'
arm-none-eabi-gcc -mcpu=cortex-a9 -mfpu=vfpv3 -mfloat-abi=hard -Wl,-build-id=none -specs=Xilinx.spec -Wl,-T -Wl,../src/lscript.ld -L../../projecy_3_bsp/ps7_cortexa9_0/lib -o "projecy_3.elf"  ./src/helloworld.o ./src/platform.o   -Wl,--start-group,-lxil,-lgcc,-lc,--end-group
'Finished building target: projecy_3.elf'
' '
'Invoking: ARM v7 Print Size'
arm-none-eabi-size projecy_3.elf  |tee "projecy_3.elf.size"
   text	   data	    bss	    dec	    hex	filename
  76528	   3388	  23392	 103308	  1938c	projecy_3.elf
'Finished building: projecy_3.elf.size'
' '
18:48:22 **** Auto Build of configuration Debug for project projecy_3 ****
make pre-build main-build 
a9-linaro-pre-build-step
' '
'Building file: ../src/helloworld.c'
'Invoking: ARM v7 gcc compiler'
arm-none-eabi-gcc -Wall -O0 -g3 -c -fmessage-length=0 -MT"src/helloworld.o" -mcpu=cortex-a9 -mfpu=vfpv3 -mfloat-abi=hard -I../../projecy_3_bsp/ps7_cortexa9_0/include -MMD -MP -MF"src/helloworld.d" -MT"src/helloworld.o" -o "src/helloworld.o" "../src/helloworld.c"
../src/helloworld.c: In function 'IntrHandler':
../src/helloworld.c:66:6: error: 'delay_time' undeclared (first use in this function); did you mean 'delay_num'?
  if (delay_time < 5000){
      ^~~~~~~~~~
      delay_num
../src/helloworld.c:66:6: note: each undeclared identifier is reported only once for each function it appears in
../src/helloworld.c: In function 'main':
../src/helloworld.c:108:9: warning: variable 'Switch_num' set but not used [-Wunused-but-set-variable]
     int Switch_num = 0b00000000;
         ^~~~~~~~~~
make: *** [src/subdir.mk:26: src/helloworld.o] Error 1
18:48:32 **** Auto Build of configuration Debug for project projecy_3 ****
make pre-build main-build 
a9-linaro-pre-build-step
' '
'Building file: ../src/helloworld.c'
'Invoking: ARM v7 gcc compiler'
arm-none-eabi-gcc -Wall -O0 -g3 -c -fmessage-length=0 -MT"src/helloworld.o" -mcpu=cortex-a9 -mfpu=vfpv3 -mfloat-abi=hard -I../../projecy_3_bsp/ps7_cortexa9_0/include -MMD -MP -MF"src/helloworld.d" -MT"src/helloworld.o" -o "src/helloworld.o" "../src/helloworld.c"
../src/helloworld.c: In function 'main':
../src/helloworld.c:108:9: warning: variable 'Switch_num' set but not used [-Wunused-but-set-variable]
     int Switch_num = 0b00000000;
         ^~~~~~~~~~
'Finished building: ../src/helloworld.c'
' '
'Building target: projecy_3.elf'
'Invoking: ARM v7 gcc linker'
arm-none-eabi-gcc -mcpu=cortex-a9 -mfpu=vfpv3 -mfloat-abi=hard -Wl,-build-id=none -specs=Xilinx.spec -Wl,-T -Wl,../src/lscript.ld -L../../projecy_3_bsp/ps7_cortexa9_0/lib -o "projecy_3.elf"  ./src/helloworld.o ./src/platform.o   -Wl,--start-group,-lxil,-lgcc,-lc,--end-group
'Finished building target: projecy_3.elf'
' '
'Invoking: ARM v7 Print Size'
arm-none-eabi-size projecy_3.elf  |tee "projecy_3.elf.size"
   text	   data	    bss	    dec	    hex	filename
  76592	   3388	  23392	 103372	  193cc	projecy_3.elf
'Finished building: projecy_3.elf.size'
' '
18:48:41 **** Auto Build of configuration Debug for project projecy_3 ****
make pre-build main-build 
a9-linaro-pre-build-step
' '
'Building file: ../src/helloworld.c'
'Invoking: ARM v7 gcc compiler'
arm-none-eabi-gcc -Wall -O0 -g3 -c -fmessage-length=0 -MT"src/helloworld.o" -mcpu=cortex-a9 -mfpu=vfpv3 -mfloat-abi=hard -I../../projecy_3_bsp/ps7_cortexa9_0/include -MMD -MP -MF"src/helloworld.d" -MT"src/helloworld.o" -o "src/helloworld.o" "../src/helloworld.c"
../src/helloworld.c: In function 'main':
../src/helloworld.c:107:9: warning: variable 'Switch_num' set but not used [-Wunused-but-set-variable]
     int Switch_num = 0b00000000;
         ^~~~~~~~~~
'Finished building: ../src/helloworld.c'
' '
'Building target: projecy_3.elf'
'Invoking: ARM v7 gcc linker'
arm-none-eabi-gcc -mcpu=cortex-a9 -mfpu=vfpv3 -mfloat-abi=hard -Wl,-build-id=none -specs=Xilinx.spec -Wl,-T -Wl,../src/lscript.ld -L../../projecy_3_bsp/ps7_cortexa9_0/lib -o "projecy_3.elf"  ./src/helloworld.o ./src/platform.o   -Wl,--start-group,-lxil,-lgcc,-lc,--end-group
'Finished building target: projecy_3.elf'
' '
'Invoking: ARM v7 Print Size'
arm-none-eabi-size projecy_3.elf  |tee "projecy_3.elf.size"
   text	   data	    bss	    dec	    hex	filename
  76592	   3388	  23392	 103372	  193cc	projecy_3.elf
'Finished building: projecy_3.elf.size'
' '
18:48:55 **** Auto Build of configuration Debug for project projecy_3 ****
make pre-build main-build 
a9-linaro-pre-build-step
' '
'Building file: ../src/helloworld.c'
'Invoking: ARM v7 gcc compiler'
arm-none-eabi-gcc -Wall -O0 -g3 -c -fmessage-length=0 -MT"src/helloworld.o" -mcpu=cortex-a9 -mfpu=vfpv3 -mfloat-abi=hard -I../../projecy_3_bsp/ps7_cortexa9_0/include -MMD -MP -MF"src/helloworld.d" -MT"src/helloworld.o" -o "src/helloworld.o" "../src/helloworld.c"
../src/helloworld.c: In function 'main':
../src/helloworld.c:107:9: warning: variable 'Switch_num' set but not used [-Wunused-but-set-variable]
     int Switch_num = 0b00000000;
         ^~~~~~~~~~
'Finished building: ../src/helloworld.c'
' '
'Building target: projecy_3.elf'
'Invoking: ARM v7 gcc linker'
arm-none-eabi-gcc -mcpu=cortex-a9 -mfpu=vfpv3 -mfloat-abi=hard -Wl,-build-id=none -specs=Xilinx.spec -Wl,-T -Wl,../src/lscript.ld -L../../projecy_3_bsp/ps7_cortexa9_0/lib -o "projecy_3.elf"  ./src/helloworld.o ./src/platform.o   -Wl,--start-group,-lxil,-lgcc,-lc,--end-group
'Finished building target: projecy_3.elf'
' '
'Invoking: ARM v7 Print Size'
arm-none-eabi-size projecy_3.elf  |tee "projecy_3.elf.size"
   text	   data	    bss	    dec	    hex	filename
  76568	   3388	  23392	 103348	  193b4	projecy_3.elf
'Finished building: projecy_3.elf.size'
' '
18:48:58 **** Auto Build of configuration Debug for project projecy_3 ****
make pre-build main-build 
a9-linaro-pre-build-step
' '
'Building file: ../src/helloworld.c'
'Invoking: ARM v7 gcc compiler'
arm-none-eabi-gcc -Wall -O0 -g3 -c -fmessage-length=0 -MT"src/helloworld.o" -mcpu=cortex-a9 -mfpu=vfpv3 -mfloat-abi=hard -I../../projecy_3_bsp/ps7_cortexa9_0/include -MMD -MP -MF"src/helloworld.d" -MT"src/helloworld.o" -o "src/helloworld.o" "../src/helloworld.c"
../src/helloworld.c: In function 'main':
../src/helloworld.c:107:9: warning: variable 'Switch_num' set but not used [-Wunused-but-set-variable]
     int Switch_num = 0b00000000;
         ^~~~~~~~~~
'Finished building: ../src/helloworld.c'
' '
'Building target: projecy_3.elf'
'Invoking: ARM v7 gcc linker'
arm-none-eabi-gcc -mcpu=cortex-a9 -mfpu=vfpv3 -mfloat-abi=hard -Wl,-build-id=none -specs=Xilinx.spec -Wl,-T -Wl,../src/lscript.ld -L../../projecy_3_bsp/ps7_cortexa9_0/lib -o "projecy_3.elf"  ./src/helloworld.o ./src/platform.o   -Wl,--start-group,-lxil,-lgcc,-lc,--end-group
'Finished building target: projecy_3.elf'
' '
'Invoking: ARM v7 Print Size'
arm-none-eabi-size projecy_3.elf  |tee "projecy_3.elf.size"
   text	   data	    bss	    dec	    hex	filename
  76568	   3388	  23392	 103348	  193b4	projecy_3.elf
'Finished building: projecy_3.elf.size'
' '
20:45:58 **** Incremental Build of configuration Debug for project projecy_3 ****
make pre-build main-build 
a9-linaro-pre-build-step
' '
make: Nothing to be done for 'main-build'.
20:46:09 **** Incremental Build of configuration Debug for project projecy_3 ****
make pre-build main-build 
a9-linaro-pre-build-step
' '
make: Nothing to be done for 'main-build'.
20:46:34 **** Incremental Build of configuration Debug for project projecy_3 ****
make pre-build main-build 
a9-linaro-pre-build-step
' '
make: Nothing to be done for 'main-build'.
20:48:17 **** Auto Build of configuration Debug for project projecy_3 ****
make pre-build main-build 
a9-linaro-pre-build-step
' '
'Building file: ../src/helloworld.c'
'Invoking: ARM v7 gcc compiler'
arm-none-eabi-gcc -Wall -O0 -g3 -c -fmessage-length=0 -MT"src/helloworld.o" -mcpu=cortex-a9 -mfpu=vfpv3 -mfloat-abi=hard -I../../projecy_3_bsp/ps7_cortexa9_0/include -MMD -MP -MF"src/helloworld.d" -MT"src/helloworld.o" -o "src/helloworld.o" "../src/helloworld.c"
'Finished building: ../src/helloworld.c'
' '
'Building target: projecy_3.elf'
'Invoking: ARM v7 gcc linker'
arm-none-eabi-gcc -mcpu=cortex-a9 -mfpu=vfpv3 -mfloat-abi=hard -Wl,-build-id=none -specs=Xilinx.spec -Wl,-T -Wl,../src/lscript.ld -L../../projecy_3_bsp/ps7_cortexa9_0/lib -o "projecy_3.elf"  ./src/helloworld.o ./src/platform.o   -Wl,--start-group,-lxil,-lgcc,-lc,--end-group
'Finished building target: projecy_3.elf'
' '
'Invoking: ARM v7 Print Size'
arm-none-eabi-size projecy_3.elf  |tee "projecy_3.elf.size"
   text	   data	    bss	    dec	    hex	filename
  71936	   2612	  23344	  97892	  17e64	projecy_3.elf
'Finished building: projecy_3.elf.size'
' '
20:48:18 **** Incremental Build of configuration Debug for project projecy_3 ****
make pre-build main-build 
a9-linaro-pre-build-step
' '
make: Nothing to be done for 'main-build'.
20:48:42 **** Auto Build of configuration Debug for project projecy_3 ****
make pre-build main-build 
a9-linaro-pre-build-step
' '
'Building file: ../src/helloworld.c'
'Invoking: ARM v7 gcc compiler'
arm-none-eabi-gcc -Wall -O0 -g3 -c -fmessage-length=0 -MT"src/helloworld.o" -mcpu=cortex-a9 -mfpu=vfpv3 -mfloat-abi=hard -I../../projecy_3_bsp/ps7_cortexa9_0/include -MMD -MP -MF"src/helloworld.d" -MT"src/helloworld.o" -o "src/helloworld.o" "../src/helloworld.c"
'Finished building: ../src/helloworld.c'
' '
'Building target: projecy_3.elf'
'Invoking: ARM v7 gcc linker'
arm-none-eabi-gcc -mcpu=cortex-a9 -mfpu=vfpv3 -mfloat-abi=hard -Wl,-build-id=none -specs=Xilinx.spec -Wl,-T -Wl,../src/lscript.ld -L../../projecy_3_bsp/ps7_cortexa9_0/lib -o "projecy_3.elf"  ./src/helloworld.o ./src/platform.o   -Wl,--start-group,-lxil,-lgcc,-lc,--end-group
'Finished building target: projecy_3.elf'
' '
'Invoking: ARM v7 Print Size'
arm-none-eabi-size projecy_3.elf  |tee "projecy_3.elf.size"
   text	   data	    bss	    dec	    hex	filename
  71936	   2612	  23344	  97892	  17e64	projecy_3.elf
'Finished building: projecy_3.elf.size'
' '
20:48:46 **** Auto Build of configuration Debug for project projecy_3 ****
make pre-build main-build 
a9-linaro-pre-build-step
' '
'Building file: ../src/helloworld.c'
'Invoking: ARM v7 gcc compiler'
arm-none-eabi-gcc -Wall -O0 -g3 -c -fmessage-length=0 -MT"src/helloworld.o" -mcpu=cortex-a9 -mfpu=vfpv3 -mfloat-abi=hard -I../../projecy_3_bsp/ps7_cortexa9_0/include -MMD -MP -MF"src/helloworld.d" -MT"src/helloworld.o" -o "src/helloworld.o" "../src/helloworld.c"
../src/helloworld.c: In function 'main':
../src/helloworld.c:107:9: warning: variable 'Switch_num' set but not used [-Wunused-but-set-variable]
     int Switch_num = 0b00000000;
         ^~~~~~~~~~
'Finished building: ../src/helloworld.c'
' '
'Building target: projecy_3.elf'
[...]
make -C ps7_cortexa9_0/libsrc/scuwdt_v2_1/src -s libs  "SHELL=CMD" "COMPILER=arm-none-eabi-gcc" "ARCHIVER=arm-none-eabi-ar" "COMPILER_FLAGS=  -O2 -c" "EXTRA_COMPILER_FLAGS=-mcpu=cortex-a9 -mfpu=vfpv3 -mfloat-abi=hard -nostartfiles -g -Wall -Wextra"
"Compiling scuwdt"
"Running Make libs in ps7_cortexa9_0/libsrc/sdps_v3_6/src"
make -C ps7_cortexa9_0/libsrc/sdps_v3_6/src -s libs  "SHELL=CMD" "COMPILER=arm-none-eabi-gcc" "ARCHIVER=arm-none-eabi-ar" "COMPILER_FLAGS=  -O2 -c" "EXTRA_COMPILER_FLAGS=-mcpu=cortex-a9 -mfpu=vfpv3 -mfloat-abi=hard -nostartfiles -g -Wall -Wextra"
"Compiling sdps"
"Running Make libs in ps7_cortexa9_0/libsrc/standalone_v6_8/src"
make -C ps7_cortexa9_0/libsrc/standalone_v6_8/src -s libs  "SHELL=CMD" "COMPILER=arm-none-eabi-gcc" "ARCHIVER=arm-none-eabi-ar" "COMPILER_FLAGS=  -O2 -c" "EXTRA_COMPILER_FLAGS=-mcpu=cortex-a9 -mfpu=vfpv3 -mfloat-abi=hard -nostartfiles -g -Wall -Wextra"
"Compiling standalone"
In file included from usleep.c:56:0:
xtime_l.h:87:9: note: #pragma message: For the sleep routines, Global timer is being used
 #pragma message ("For the sleep routines, Global timer is being used")
         ^~~~~~~
In file included from sleep.c:53:0:
xtime_l.h:87:9: note: #pragma message: For the sleep routines, Global timer is being used
 #pragma message ("For the sleep routines, Global timer is being used")
         ^~~~~~~
In file included from xil_sleeptimer.c:51:0:
xtime_l.h:87:9: note: #pragma message: For the sleep routines, Global timer is being used
 #pragma message ("For the sleep routines, Global timer is being used")
         ^~~~~~~
In file included from xtime_l.c:49:0:
xtime_l.h:87:9: note: #pragma message: For the sleep routines, Global timer is being used
 #pragma message ("For the sleep routines, Global timer is being used")
         ^~~~~~~
"Running Make libs in ps7_cortexa9_0/libsrc/uartps_v3_7/src"
make -C ps7_cortexa9_0/libsrc/uartps_v3_7/src -s libs  "SHELL=CMD" "COMPILER=arm-none-eabi-gcc" "ARCHIVER=arm-none-eabi-ar" "COMPILER_FLAGS=  -O2 -c" "EXTRA_COMPILER_FLAGS=-mcpu=cortex-a9 -mfpu=vfpv3 -mfloat-abi=hard -nostartfiles -g -Wall -Wextra"
"Compiling uartps"
"Running Make libs in ps7_cortexa9_0/libsrc/usbps_v2_4/src"
make -C ps7_cortexa9_0/libsrc/usbps_v2_4/src -s libs  "SHELL=CMD" "COMPILER=arm-none-eabi-gcc" "ARCHIVER=arm-none-eabi-ar" "COMPILER_FLAGS=  -O2 -c" "EXTRA_COMPILER_FLAGS=-mcpu=cortex-a9 -mfpu=vfpv3 -mfloat-abi=hard -nostartfiles -g -Wall -Wextra"
"Compiling usbps"
"Running Make libs in ps7_cortexa9_0/libsrc/wdtps_v3_1/src"
make -C ps7_cortexa9_0/libsrc/wdtps_v3_1/src -s libs  "SHELL=CMD" "COMPILER=arm-none-eabi-gcc" "ARCHIVER=arm-none-eabi-ar" "COMPILER_FLAGS=  -O2 -c" "EXTRA_COMPILER_FLAGS=-mcpu=cortex-a9 -mfpu=vfpv3 -mfloat-abi=hard -nostartfiles -g -Wall -Wextra"
"Compiling wdtps"
"Running Make libs in ps7_cortexa9_0/libsrc/xadcps_v2_3/src"
make -C ps7_cortexa9_0/libsrc/xadcps_v2_3/src -s libs  "SHELL=CMD" "COMPILER=arm-none-eabi-gcc" "ARCHIVER=arm-none-eabi-ar" "COMPILER_FLAGS=  -O2 -c" "EXTRA_COMPILER_FLAGS=-mcpu=cortex-a9 -mfpu=vfpv3 -mfloat-abi=hard -nostartfiles -g -Wall -Wextra"
"Compiling xadcps"
'Finished building libraries'
21:15:06 **** Auto Build of configuration Debug for project projecy_3 ****
make pre-build main-build 
a9-linaro-pre-build-step
' '
'Building file: ../src/helloworld.c'
'Invoking: ARM v7 gcc compiler'
arm-none-eabi-gcc -Wall -O0 -g3 -c -fmessage-length=0 -MT"src/helloworld.o" -mcpu=cortex-a9 -mfpu=vfpv3 -mfloat-abi=hard -I../../projecy_3_bsp/ps7_cortexa9_0/include -MMD -MP -MF"src/helloworld.d" -MT"src/helloworld.o" -o "src/helloworld.o" "../src/helloworld.c"
'Finished building: ../src/helloworld.c'
' '
'Building file: ../src/platform.c'
'Invoking: ARM v7 gcc compiler'
arm-none-eabi-gcc -Wall -O0 -g3 -c -fmessage-length=0 -MT"src/platform.o" -mcpu=cortex-a9 -mfpu=vfpv3 -mfloat-abi=hard -I../../projecy_3_bsp/ps7_cortexa9_0/include -MMD -MP -MF"src/platform.d" -MT"src/platform.o" -o "src/platform.o" "../src/platform.c"
'Finished building: ../src/platform.c'
' '
'Building target: projecy_3.elf'
'Invoking: ARM v7 gcc linker'
arm-none-eabi-gcc -mcpu=cortex-a9 -mfpu=vfpv3 -mfloat-abi=hard -Wl,-build-id=none -specs=Xilinx.spec -Wl,-T -Wl,../src/lscript.ld -L../../projecy_3_bsp/ps7_cortexa9_0/lib -o "projecy_3.elf"  ./src/helloworld.o ./src/platform.o   -Wl,--start-group,-lxil,-lgcc,-lc,--end-group
'Finished building target: projecy_3.elf'
' '
'Invoking: ARM v7 Print Size'
arm-none-eabi-size projecy_3.elf  |tee "projecy_3.elf.size"
   text	   data	    bss	    dec	    hex	filename
  76824	   3388	  23408	 103620	  194c4	projecy_3.elf
'Finished building: projecy_3.elf.size'
' '
21:43:56 **** Auto Build of configuration Debug for project projecy_3 ****
make pre-build main-build 
a9-linaro-pre-build-step
' '
'Building file: ../src/helloworld.c'
'Invoking: ARM v7 gcc compiler'
arm-none-eabi-gcc -Wall -O0 -g3 -c -fmessage-length=0 -MT"src/helloworld.o" -mcpu=cortex-a9 -mfpu=vfpv3 -mfloat-abi=hard -I../../projecy_3_bsp/ps7_cortexa9_0/include -MMD -MP -MF"src/helloworld.d" -MT"src/helloworld.o" -o "src/helloworld.o" "../src/helloworld.c"
'Finished building: ../src/helloworld.c'
' '
'Building target: projecy_3.elf'
'Invoking: ARM v7 gcc linker'
arm-none-eabi-gcc -mcpu=cortex-a9 -mfpu=vfpv3 -mfloat-abi=hard -Wl,-build-id=none -specs=Xilinx.spec -Wl,-T -Wl,../src/lscript.ld -L../../projecy_3_bsp/ps7_cortexa9_0/lib -o "projecy_3.elf"  ./src/helloworld.o ./src/platform.o   -Wl,--start-group,-lxil,-lgcc,-lc,--end-group
'Finished building target: projecy_3.elf'
' '
'Invoking: ARM v7 Print Size'
arm-none-eabi-size projecy_3.elf  |tee "projecy_3.elf.size"
   text	   data	    bss	    dec	    hex	filename
  76824	   3388	  23408	 103620	  194c4	projecy_3.elf
'Finished building: projecy_3.elf.size'
' '
23:42:31 **** Auto Build of configuration Debug for project projecy_3 ****
make pre-build main-build 
a9-linaro-pre-build-step
' '
'Building file: ../src/helloworld.c'
'Invoking: ARM v7 gcc compiler'
arm-none-eabi-gcc -Wall -O0 -g3 -c -fmessage-length=0 -MT"src/helloworld.o" -mcpu=cortex-a9 -mfpu=vfpv3 -mfloat-abi=hard -I../../projecy_3_bsp/ps7_cortexa9_0/include -MMD -MP -MF"src/helloworld.d" -MT"src/helloworld.o" -o "src/helloworld.o" "../src/helloworld.c"
'Finished building: ../src/helloworld.c'
' '
'Building target: projecy_3.elf'
'Invoking: ARM v7 gcc linker'
arm-none-eabi-gcc -mcpu=cortex-a9 -mfpu=vfpv3 -mfloat-abi=hard -Wl,-build-id=none -specs=Xilinx.spec -Wl,-T -Wl,../src/lscript.ld -L../../projecy_3_bsp/ps7_cortexa9_0/lib -o "projecy_3.elf"  ./src/helloworld.o ./src/platform.o   -Wl,--start-group,-lxil,-lgcc,-lc,--end-group
'Finished building target: projecy_3.elf'
' '
'Invoking: ARM v7 Print Size'
arm-none-eabi-size projecy_3.elf  |tee "projecy_3.elf.size"
   text	   data	    bss	    dec	    hex	filename
  76824	   3388	  23408	 103620	  194c4	projecy_3.elf
'Finished building: projecy_3.elf.size'
' '
00:03:22 **** Incremental Build of configuration Debug for project projecy_3 ****
make pre-build main-build 
a9-linaro-pre-build-step
' '
make: Nothing to be done for 'main-build'.
00:03:40 **** Auto Build of configuration Debug for project projecy_3 ****
make pre-build main-build 
a9-linaro-pre-build-step
' '
'Building file: ../src/helloworld.c'
'Invoking: ARM v7 gcc compiler'
arm-none-eabi-gcc -Wall -O0 -g3 -c -fmessage-length=0 -MT"src/helloworld.o" -mcpu=cortex-a9 -mfpu=vfpv3 -mfloat-abi=hard -I../../projecy_3_bsp/ps7_cortexa9_0/include -MMD -MP -MF"src/helloworld.d" -MT"src/helloworld.o" -o "src/helloworld.o" "../src/helloworld.c"
'Finished building: ../src/helloworld.c'
' '
'Building target: projecy_3.elf'
'Invoking: ARM v7 gcc linker'
arm-none-eabi-gcc -mcpu=cortex-a9 -mfpu=vfpv3 -mfloat-abi=hard -Wl,-build-id=none -specs=Xilinx.spec -Wl,-T -Wl,../src/lscript.ld -L../../projecy_3_bsp/ps7_cortexa9_0/lib -o "projecy_3.elf"  ./src/helloworld.o ./src/platform.o   -Wl,--start-group,-lxil,-lgcc,-lc,--end-group
'Finished building target: projecy_3.elf'
' '
'Invoking: ARM v7 Print Size'
arm-none-eabi-size projecy_3.elf  |tee "projecy_3.elf.size"
   text	   data	    bss	    dec	    hex	filename
  76824	   3388	  23408	 103620	  194c4	projecy_3.elf
'Finished building: projecy_3.elf.size'
' '
00:03:41 **** Incremental Build of configuration Debug for project projecy_3 ****
make pre-build main-build 
a9-linaro-pre-build-step
' '
make: Nothing to be done for 'main-build'.
00:04:15 **** Incremental Build of configuration Debug for project projecy_3 ****
make pre-build main-build 
a9-linaro-pre-build-step
' '
make: Nothing to be done for 'main-build'.
00:04:29 **** Auto Build of configuration Debug for project projecy_3 ****
make pre-build main-build 
a9-linaro-pre-build-step
' '
'Building file: ../src/helloworld.c'
'Invoking: ARM v7 gcc compiler'
arm-none-eabi-gcc -Wall -O0 -g3 -c -fmessage-length=0 -MT"src/helloworld.o" -mcpu=cortex-a9 -mfpu=vfpv3 -mfloat-abi=hard -I../../projecy_3_bsp/ps7_cortexa9_0/include -MMD -MP -MF"src/helloworld.d" -MT"src/helloworld.o" -o "src/helloworld.o" "../src/helloworld.c"
'Finished building: ../src/helloworld.c'
' '
'Building target: projecy_3.elf'
'Invoking: ARM v7 gcc linker'
arm-none-eabi-gcc -mcpu=cortex-a9 -mfpu=vfpv3 -mfloat-abi=hard -Wl,-build-id=none -specs=Xilinx.spec -Wl,-T -Wl,../src/lscript.ld -L../../projecy_3_bsp/ps7_cortexa9_0/lib -o "projecy_3.elf"  ./src/helloworld.o ./src/platform.o   -Wl,--start-group,-lxil,-lgcc,-lc,--end-group
'Finished building target: projecy_3.elf'
' '
'Invoking: ARM v7 Print Size'
arm-none-eabi-size projecy_3.elf  |tee "projecy_3.elf.size"
   text	   data	    bss	    dec	    hex	filename
  76824	   3388	  23408	 103620	  194c4	projecy_3.elf
'Finished building: projecy_3.elf.size'
' '
00:04:49 **** Auto Build of configuration Debug for project projecy_3 ****
make pre-build main-build 
a9-linaro-pre-build-step
' '
'Building file: ../src/helloworld.c'
'Invoking: ARM v7 gcc compiler'
arm-none-eabi-gcc -Wall -O0 -g3 -c -fmessage-length=0 -MT"src/helloworld.o" -mcpu=cortex-a9 -mfpu=vfpv3 -mfloat-abi=hard -I../../projecy_3_bsp/ps7_cortexa9_0/include -MMD -MP -MF"src/helloworld.d" -MT"src/helloworld.o" -o "src/helloworld.o" "../src/helloworld.c"
'Finished building: ../src/helloworld.c'
' '
'Building target: projecy_3.elf'
'Invoking: ARM v7 gcc linker'
arm-none-eabi-gcc -mcpu=cortex-a9 -mfpu=vfpv3 -mfloat-abi=hard -Wl,-build-id=none -specs=Xilinx.spec -Wl,-T -Wl,../src/lscript.ld -L../../projecy_3_bsp/ps7_cortexa9_0/lib -o "projecy_3.elf"  ./src/helloworld.o ./src/platform.o   -Wl,--start-group,-lxil,-lgcc,-lc,--end-group
'Finished building target: projecy_3.elf'
' '
'Invoking: ARM v7 Print Size'
arm-none-eabi-size projecy_3.elf  |tee "projecy_3.elf.size"
   text	   data	    bss	    dec	    hex	filename
  76824	   3388	  23408	 103620	  194c4	projecy_3.elf
'Finished building: projecy_3.elf.size'
' '
00:05:31 **** Incremental Build of configuration Debug for project projecy_3 ****
make pre-build main-build 
a9-linaro-pre-build-step
' '
make: Nothing to be done for 'main-build'.
00:05:47 **** Auto Build of configuration Debug for project projecy_3 ****
make pre-build main-build 
a9-linaro-pre-build-step
' '
'Building file: ../src/helloworld.c'
'Invoking: ARM v7 gcc compiler'
arm-none-eabi-gcc -Wall -O0 -g3 -c -fmessage-length=0 -MT"src/helloworld.o" -mcpu=cortex-a9 -mfpu=vfpv3 -mfloat-abi=hard -I../../projecy_3_bsp/ps7_cortexa9_0/include -MMD -MP -MF"src/helloworld.d" -MT"src/helloworld.o" -o "src/helloworld.o" "../src/helloworld.c"
'Finished building: ../src/helloworld.c'
' '
'Building target: projecy_3.elf'
'Invoking: ARM v7 gcc linker'
arm-none-eabi-gcc -mcpu=cortex-a9 -mfpu=vfpv3 -mfloat-abi=hard -Wl,-build-id=none -specs=Xilinx.spec -Wl,-T -Wl,../src/lscript.ld -L../../projecy_3_bsp/ps7_cortexa9_0/lib -o "projecy_3.elf"  ./src/helloworld.o ./src/platform.o   -Wl,--start-group,-lxil,-lgcc,-lc,--end-group
'Finished building target: projecy_3.elf'
' '
'Invoking: ARM v7 Print Size'
arm-none-eabi-size projecy_3.elf  |tee "projecy_3.elf.size"
   text	   data	    bss	    dec	    hex	filename
  76824	   3388	  23408	 103620	  194c4	projecy_3.elf
'Finished building: projecy_3.elf.size'
' '
00:05:48 **** Incremental Build of configuration Debug for project projecy_3 ****
make pre-build main-build 
a9-linaro-pre-build-step
' '
make: Nothing to be done for 'main-build'.
00:06:15 **** Auto Build of configuration Debug for project projecy_3 ****
make pre-build main-build 
a9-linaro-pre-build-step
' '
'Building file: ../src/helloworld.c'
'Invoking: ARM v7 gcc compiler'
arm-none-eabi-gcc -Wall -O0 -g3 -c -fmessage-length=0 -MT"src/helloworld.o" -mcpu=cortex-a9 -mfpu=vfpv3 -mfloat-abi=hard -I../../projecy_3_bsp/ps7_cortexa9_0/include -MMD -MP -MF"src/helloworld.d" -MT"src/helloworld.o" -o "src/helloworld.o" "../src/helloworld.c"
'Finished building: ../src/helloworld.c'
' '
'Building target: projecy_3.elf'
'Invoking: ARM v7 gcc linker'
arm-none-eabi-gcc -mcpu=cortex-a9 -mfpu=vfpv3 -mfloat-abi=hard -Wl,-build-id=none -specs=Xilinx.spec -Wl,-T -Wl,../src/lscript.ld -L../../projecy_3_bsp/ps7_cortexa9_0/lib -o "projecy_3.elf"  ./src/helloworld.o ./src/platform.o   -Wl,--start-group,-lxil,-lgcc,-lc,--end-group
'Finished building target: projecy_3.elf'
' '
'Invoking: ARM v7 Print Size'
arm-none-eabi-size projecy_3.elf  |tee "projecy_3.elf.size"
   text	   data	    bss	    dec	    hex	filename
  76824	   3388	  23408	 103620	  194c4	projecy_3.elf
'Finished building: projecy_3.elf.size'
' '
00:06:24 **** Auto Build of configuration Debug for project projecy_3 ****
make pre-build main-build 
a9-linaro-pre-build-step
' '
'Building file: ../src/helloworld.c'
'Invoking: ARM v7 gcc compiler'
arm-none-eabi-gcc -Wall -O0 -g3 -c -fmessage-length=0 -MT"src/helloworld.o" -mcpu=cortex-a9 -mfpu=vfpv3 -mfloat-abi=hard -I../../projecy_3_bsp/ps7_cortexa9_0/include -MMD -MP -MF"src/helloworld.d" -MT"src/helloworld.o" -o "src/helloworld.o" "../src/helloworld.c"
'Finished building: ../src/helloworld.c'
' '
'Building target: projecy_3.elf'
'Invoking: ARM v7 gcc linker'
arm-none-eabi-gcc -mcpu=cortex-a9 -mfpu=vfpv3 -mfloat-abi=hard -Wl,-build-id=none -specs=Xilinx.spec -Wl,-T -Wl,../src/lscript.ld -L../../projecy_3_bsp/ps7_cortexa9_0/lib -o "projecy_3.elf"  ./src/helloworld.o ./src/platform.o   -Wl,--start-group,-lxil,-lgcc,-lc,--end-group
'Finished building target: projecy_3.elf'
' '
'Invoking: ARM v7 Print Size'
arm-none-eabi-size projecy_3.elf  |tee "projecy_3.elf.size"
   text	   data	    bss	    dec	    hex	filename
  76824	   3388	  23408	 103620	  194c4	projecy_3.elf
'Finished building: projecy_3.elf.size'
' '
00:06:36 **** Auto Build of configuration Debug for project projecy_3 ****
make pre-build main-build 
a9-linaro-pre-build-step
' '
'Building file: ../src/helloworld.c'
'Invoking: ARM v7 gcc compiler'
arm-none-eabi-gcc -Wall -O0 -g3 -c -fmessage-length=0 -MT"src/helloworld.o" -mcpu=cortex-a9 -mfpu=vfpv3 -mfloat-abi=hard -I../../projecy_3_bsp/ps7_cortexa9_0/include -MMD -MP -MF"src/helloworld.d" -MT"src/helloworld.o" -o "src/helloworld.o" "../src/helloworld.c"
'Finished building: ../src/helloworld.c'
' '
'Building target: projecy_3.elf'
'Invoking: ARM v7 gcc linker'
arm-none-eabi-gcc -mcpu=cortex-a9 -mfpu=vfpv3 -mfloat-abi=hard -Wl,-build-id=none -specs=Xilinx.spec -Wl,-T -Wl,../src/lscript.ld -L../../projecy_3_bsp/ps7_cortexa9_0/lib -o "projecy_3.elf"  ./src/helloworld.o ./src/platform.o   -Wl,--start-group,-lxil,-lgcc,-lc,--end-group
'Finished building target: projecy_3.elf'
' '
'Invoking: ARM v7 Print Size'
arm-none-eabi-size projecy_3.elf  |tee "projecy_3.elf.size"
   text	   data	    bss	    dec	    hex	filename
  76824	   3388	  23408	 103620	  194c4	projecy_3.elf
'Finished building: projecy_3.elf.size'
' '
00:06:43 **** Incremental Build of configuration Debug for project projecy_3 ****
make pre-build main-build 
a9-linaro-pre-build-step
' '
make: Nothing to be done for 'main-build'.
00:06:53 **** Incremental Build of configuration Debug for project projecy_3 ****
make pre-build main-build 
a9-linaro-pre-build-step
' '
make: Nothing to be done for 'main-build'.
00:07:01 **** Auto Build of configuration Debug for project projecy_3 ****
make pre-build main-build 
a9-linaro-pre-build-step
' '
'Building file: ../src/helloworld.c'
'Invoking: ARM v7 gcc compiler'
arm-none-eabi-gcc -Wall -O0 -g3 -c -fmessage-length=0 -MT"src/helloworld.o" -mcpu=cortex-a9 -mfpu=vfpv3 -mfloat-abi=hard -I../../projecy_3_bsp/ps7_cortexa9_0/include -MMD -MP -MF"src/helloworld.d" -MT"src/helloworld.o" -o "src/helloworld.o" "../src/helloworld.c"
'Finished building: ../src/helloworld.c'
' '
'Building target: projecy_3.elf'
'Invoking: ARM v7 gcc linker'
arm-none-eabi-gcc -mcpu=cortex-a9 -mfpu=vfpv3 -mfloat-abi=hard -Wl,-build-id=none -specs=Xilinx.spec -Wl,-T -Wl,../src/lscript.ld -L../../projecy_3_bsp/ps7_cortexa9_0/lib -o "projecy_3.elf"  ./src/helloworld.o ./src/platform.o   -Wl,--start-group,-lxil,-lgcc,-lc,--end-group
'Finished building target: projecy_3.elf'
' '
'Invoking: ARM v7 Print Size'
arm-none-eabi-size projecy_3.elf  |tee "projecy_3.elf.size"
   text	   data	    bss	    dec	    hex	filename
  76824	   3388	  23408	 103620	  194c4	projecy_3.elf
'Finished building: projecy_3.elf.size'
' '
00:07:02 **** Incremental Build of configuration Debug for project projecy_3 ****
make pre-build main-build 
a9-linaro-pre-build-step
' '
make: Nothing to be done for 'main-build'.
00:09:15 **** Auto Build of configuration Debug for project projecy_3 ****
make pre-build main-build 
a9-linaro-pre-build-step
' '
'Building file: ../src/helloworld.c'
'Invoking: ARM v7 gcc compiler'
arm-none-eabi-gcc -Wall -O0 -g3 -c -fmessage-length=0 -MT"src/helloworld.o" -mcpu=cortex-a9 -mfpu=vfpv3 -mfloat-abi=hard -I../../projecy_3_bsp/ps7_cortexa9_0/include -MMD -MP -MF"src/helloworld.d" -MT"src/helloworld.o" -o "src/helloworld.o" "../src/helloworld.c"
'Finished building: ../src/helloworld.c'
' '
'Building target: projecy_3.elf'
'Invoking: ARM v7 gcc linker'
arm-none-eabi-gcc -mcpu=cortex-a9 -mfpu=vfpv3 -mfloat-abi=hard -Wl,-build-id=none -specs=Xilinx.spec -Wl,-T -Wl,../src/lscript.ld -L../../projecy_3_bsp/ps7_cortexa9_0/lib -o "projecy_3.elf"  ./src/helloworld.o ./src/platform.o   -Wl,--start-group,-lxil,-lgcc,-lc,--end-group
'Finished building target: projecy_3.elf'
' '
'Invoking: ARM v7 Print Size'
arm-none-eabi-size projecy_3.elf  |tee "projecy_3.elf.size"
   text	   data	    bss	    dec	    hex	filename
  76824	   3388	  23408	 103620	  194c4	projecy_3.elf
'Finished building: projecy_3.elf.size'
' '
00:09:15 **** Incremental Build of configuration Debug for project projecy_3 ****
make pre-build main-build 
a9-linaro-pre-build-step
' '
make: Nothing to be done for 'main-build'.
00:14:50 **** Auto Build of configuration Debug for project projecy_3 ****
make pre-build main-build 
a9-linaro-pre-build-step
' '
'Building file: ../src/helloworld.c'
'Invoking: ARM v7 gcc compiler'
arm-none-eabi-gcc -Wall -O0 -g3 -c -fmessage-length=0 -MT"src/helloworld.o" -mcpu=cortex-a9 -mfpu=vfpv3 -mfloat-abi=hard -I../../projecy_3_bsp/ps7_cortexa9_0/include -MMD -MP -MF"src/helloworld.d" -MT"src/helloworld.o" -o "src/helloworld.o" "../src/helloworld.c"
'Finished building: ../src/helloworld.c'
' '
'Building target: projecy_3.elf'
'Invoking: ARM v7 gcc linker'
arm-none-eabi-gcc -mcpu=cortex-a9 -mfpu=vfpv3 -mfloat-abi=hard -Wl,-build-id=none -specs=Xilinx.spec -Wl,-T -Wl,../src/lscript.ld -L../../projecy_3_bsp/ps7_cortexa9_0/lib -o "projecy_3.elf"  ./src/helloworld.o ./src/platform.o   -Wl,--start-group,-lxil,-lgcc,-lc,--end-group
'Finished building target: projecy_3.elf'
' '
'Invoking: ARM v7 Print Size'
arm-none-eabi-size projecy_3.elf  |tee "projecy_3.elf.size"
   text	   data	    bss	    dec	    hex	filename
  76824	   3388	  23408	 103620	  194c4	projecy_3.elf
'Finished building: projecy_3.elf.size'
' '
00:14:58 **** Incremental Build of configuration Debug for project projecy_3 ****
make pre-build main-build 
a9-linaro-pre-build-step
' '
make: Nothing to be done for 'main-build'.
